SU2_ORBIT_AMGM_STACK rank=5 level=9 denominator=100
  direct_hall      2207
  residual         201
  closed           169
  lp_infeasible    28
  round_failed     0
  denominators     100:134 200:31 500:3 1000:1
  verify_failed    4
  min_slack        0.015048384
  elapsed_seconds  6.1
  coverage         84.1% of residual regimes
UNRESOLVED support=29 parity=2 free=(0,) stage=lp
UNRESOLVED support=29 parity=2 free=(3,) stage=lp
UNRESOLVED support=29 parity=2 free=(0, 3) stage=lp
UNRESOLVED support=35 parity=7 free=(0, 3) stage=lp
UNRESOLVED support=35 parity=7 free=(0, 1, 3) stage=lp
UNRESOLVED support=38 parity=2 free=(0, 2, 3) stage=lp
UNRESOLVED support=45 parity=2 free=(3,) stage=lp
UNRESOLVED support=47 parity=3 free=(3,) stage=lp
UNRESOLVED support=47 parity=3 free=(0, 3) stage=lp
UNRESOLVED support=47 parity=3 free=(0, 2, 3) stage=lp
UNRESOLVED support=56 parity=3 free=(0,) stage=lp
UNRESOLVED support=56 parity=3 free=(3,) stage=lp
UNRESOLVED support=56 parity=3 free=(0, 3) stage=lp
UNRESOLVED support=57 parity=1 free=(3,) stage=lp
UNRESOLVED support=60 parity=3 free=(3,) stage=lp
UNRESOLVED support=61 parity=7 free=(3,) stage=lp
UNRESOLVED support=63 parity=1 free=(3,) stage=lp
UNRESOLVED support=63 parity=1 free=(2, 3) stage=lp
UNRESOLVED support=64 parity=2 free=(3,) stage=lp
UNRESOLVED support=64 parity=3 free=(3,) stage=lp
UNRESOLVED ... and 12 more
