  spectral_crosscheck 36 values agree
OPEN support=56 parity=3 k=1 neg=7 pos=8 root_lp=infeasible nodes=2
OPEN support=83 parity=2 k=1 neg=6 pos=9 root_lp=infeasible nodes=2
OPEN support=83 parity=2 k=1 neg=6 pos=9 root_lp=infeasible nodes=2
OPEN support=89 parity=7 k=1 neg=7 pos=8 root_lp=infeasible nodes=2
OPEN support=89 parity=7 k=2 neg=7 pos=8 root_lp=infeasible nodes=482
OPEN support=98 parity=11 k=2 neg=7 pos=8 root_lp=infeasible nodes=482
OPEN support=107 parity=11 k=2 neg=7 pos=8 root_lp=infeasible nodes=482
OPEN support=89 parity=7 k=3 neg=7 pos=8 root_lp=feasible nodes=144
OPEN support=116 parity=11 k=2 neg=7 pos=8 root_lp=infeasible nodes=482
OPEN support=98 parity=11 k=3 neg=7 pos=8 root_lp=feasible nodes=114
OPEN support=107 parity=11 k=3 neg=7 pos=8 root_lp=feasible nodes=120
OPEN support=125 parity=11 k=3 neg=6 pos=9 root_lp=feasible nodes=35
OPEN support=116 parity=11 k=3 neg=7 pos=8 root_lp=feasible nodes=126
OPEN support=98 parity=11 k=3 neg=7 pos=8 root_lp=feasible nodes=134
OPEN support=125 parity=11 k=4 neg=6 pos=9 root_lp=feasible nodes=21
OPEN support=107 parity=11 k=3 neg=7 pos=8 root_lp=feasible nodes=92
OPEN support=125 parity=11 k=4 neg=6 pos=9 root_lp=feasible nodes=21
OPEN support=98 parity=11 k=4 neg=7 pos=8 root_lp=feasible nodes=60
OPEN support=116 parity=11 k=3 neg=7 pos=8 root_lp=infeasible nodes=483
OPEN support=107 parity=11 k=4 neg=7 pos=8 root_lp=feasible nodes=48
OPEN support=135 parity=2 k=1 neg=6 pos=9 root_lp=infeasible nodes=2
OPEN support=137 parity=3 k=1 neg=7 pos=8 root_lp=infeasible nodes=2
OPEN support=116 parity=11 k=4 neg=7 pos=8 root_lp=feasible nodes=109
OPEN support=140 parity=7 k=2 neg=9 pos=6 root_lp=infeasible nodes=482
OPEN support=125 parity=19 k=2 neg=7 pos=8 root_lp=infeasible nodes=482
OPEN support=134 parity=11 k=3 neg=6 pos=9 root_lp=feasible nodes=33
OPEN support=141 parity=3 k=1 neg=8 pos=7 root_lp=infeasible nodes=481
OPEN support=134 parity=11 k=4 neg=6 pos=9 root_lp=feasible nodes=25
OPEN support=140 parity=7 k=3 neg=9 pos=6 root_lp=infeasible nodes=483
OPEN support=134 parity=11 k=4 neg=6 pos=9 root_lp=feasible nodes=19
OPEN support=125 parity=19 k=3 neg=7 pos=8 root_lp=feasible nodes=112
OPEN support=134 parity=11 k=5 neg=6 pos=9 root_lp=feasible nodes=13
OPEN support=141 parity=3 k=2 neg=8 pos=7 root_lp=infeasible nodes=482
OPEN support=140 parity=7 k=3 neg=9 pos=6 root_lp=infeasible nodes=483
OPEN support=125 parity=19 k=3 neg=7 pos=8 root_lp=feasible nodes=118
OPEN support=143 parity=6 k=1 neg=8 pos=7 root_lp=infeasible nodes=481
OPEN support=140 parity=7 k=4 neg=9 pos=6 root_lp=infeasible nodes=484
OPEN support=134 parity=19 k=2 neg=7 pos=8 root_lp=infeasible nodes=482
OPEN support=125 parity=19 k=4 neg=7 pos=8 root_lp=feasible nodes=80
OPEN support=149 parity=11 k=2 neg=9 pos=6 root_lp=infeasible nodes=482
OPEN support=134 parity=19 k=3 neg=7 pos=8 root_lp=feasible nodes=116
OPEN support=143 parity=6 k=2 neg=8 pos=7 root_lp=infeasible nodes=482
OPEN support=149 parity=11 k=3 neg=9 pos=6 root_lp=infeasible nodes=483
OPEN support=125 parity=19 k=3 neg=7 pos=8 root_lp=infeasible nodes=483
OPEN support=152 parity=10 k=2 neg=8 pos=7 root_lp=infeasible nodes=482
OPEN support=134 parity=19 k=3 neg=7 pos=8 root_lp=feasible nodes=104
OPEN support=143 parity=6 k=3 neg=8 pos=7 root_lp=infeasible nodes=483
OPEN support=149 parity=11 k=3 neg=9 pos=6 root_lp=infeasible nodes=483
OPEN support=134 parity=19 k=4 neg=7 pos=8 root_lp=feasible nodes=42
OPEN support=125 parity=19 k=4 neg=7 pos=8 root_lp=feasible nodes=119
OPEN support=152 parity=10 k=3 neg=8 pos=7 root_lp=infeasible nodes=483
OPEN support=149 parity=11 k=4 neg=9 pos=6 root_lp=infeasible nodes=484
OPEN support=143 parity=6 k=2 neg=8 pos=7 root_lp=infeasible nodes=482
OPEN support=152 parity=10 k=3 neg=8 pos=7 root_lp=infeasible nodes=483
OPEN support=134 parity=19 k=3 neg=7 pos=8 root_lp=infeasible nodes=483
OPEN support=125 parity=19 k=4 neg=7 pos=8 root_lp=feasible nodes=123
OPEN support=152 parity=10 k=4 neg=8 pos=7 root_lp=infeasible nodes=484
OPEN support=125 parity=19 k=5 neg=7 pos=8 root_lp=feasible nodes=47
OPEN support=149 parity=11 k=3 neg=9 pos=6 root_lp=infeasible nodes=483
OPEN support=134 parity=19 k=4 neg=7 pos=8 root_lp=feasible nodes=99
OPEN support=143 parity=6 k=3 neg=8 pos=7 root_lp=infeasible nodes=483
OPEN support=149 parity=11 k=4 neg=9 pos=6 root_lp=infeasible nodes=484
OPEN support=152 parity=10 k=3 neg=8 pos=7 root_lp=infeasible nodes=483
OPEN support=134 parity=19 k=4 neg=7 pos=8 root_lp=feasible nodes=103
OPEN support=143 parity=6 k=4 neg=8 pos=7 root_lp=infeasible nodes=484
OPEN support=134 parity=19 k=5 neg=7 pos=8 root_lp=feasible nodes=41
OPEN support=149 parity=11 k=4 neg=9 pos=6 root_lp=infeasible nodes=484
OPEN support=152 parity=10 k=4 neg=8 pos=7 root_lp=infeasible nodes=484
OPEN support=143 parity=11 k=1 neg=7 pos=8 root_lp=infeasible nodes=481
OPEN support=152 parity=10 k=4 neg=8 pos=7 root_lp=infeasible nodes=484
OPEN support=149 parity=11 k=5 neg=9 pos=6 root_lp=infeasible nodes=485
OPEN support=158 parity=11 k=2 neg=9 pos=6 root_lp=infeasible nodes=482
OPEN support=143 parity=11 k=2 neg=7 pos=8 root_lp=infeasible nodes=482
OPEN support=152 parity=10 k=5 neg=8 pos=7 root_lp=infeasible nodes=485
OPEN support=158 parity=11 k=3 neg=9 pos=6 root_lp=infeasible nodes=483
OPEN support=164 parity=3 k=1 neg=6 pos=9 root_lp=infeasible nodes=2
OPEN support=164 parity=3 k=1 neg=6 pos=9 root_lp=infeasible nodes=2
OPEN support=164 parity=3 k=2 neg=6 pos=9 root_lp=infeasible nodes=3
OPEN support=167 parity=7 k=1 neg=6 pos=9 root_lp=infeasible nodes=2
OPEN support=168 parity=3 k=1 neg=7 pos=8 root_lp=infeasible nodes=2
OPEN support=161 parity=10 k=2 neg=8 pos=7 root_lp=infeasible nodes=482
OPEN support=143 parity=11 k=3 neg=7 pos=8 root_lp=feasible nodes=118
OPEN support=158 parity=11 k=3 neg=9 pos=6 root_lp=infeasible nodes=483
OPEN support=152 parity=19 k=2 neg=7 pos=8 root_lp=infeasible nodes=482
OPEN support=161 parity=10 k=3 neg=8 pos=7 root_lp=infeasible nodes=483
OPEN support=169 parity=7 k=1 neg=8 pos=7 root_lp=infeasible nodes=481
OPEN support=169 parity=7 k=1 neg=8 pos=7 root_lp=infeasible nodes=2
OPEN support=158 parity=11 k=4 neg=9 pos=6 root_lp=infeasible nodes=484
OPEN support=143 parity=11 k=2 neg=7 pos=8 root_lp=feasible nodes=131
OPEN support=152 parity=19 k=3 neg=7 pos=8 root_lp=feasible nodes=124
OPEN support=169 parity=7 k=2 neg=8 pos=7 root_lp=infeasible nodes=482
OPEN support=143 parity=11 k=3 neg=7 pos=8 root_lp=feasible nodes=142
OPEN support=158 parity=11 k=3 neg=9 pos=6 root_lp=infeasible nodes=483
OPEN support=161 parity=10 k=3 neg=8 pos=7 root_lp=infeasible nodes=483
OPEN support=152 parity=19 k=3 neg=7 pos=8 root_lp=feasible nodes=128
OPEN support=169 parity=7 k=2 neg=8 pos=7 root_lp=infeasible nodes=482
OPEN support=158 parity=11 k=4 neg=9 pos=6 root_lp=infeasible nodes=484
OPEN support=143 parity=11 k=4 neg=7 pos=8 root_lp=feasible nodes=80
OPEN support=152 parity=19 k=4 neg=7 pos=8 root_lp=feasible nodes=54
OPEN support=161 parity=10 k=4 neg=8 pos=7 root_lp=infeasible nodes=484
OPEN support=170 parity=6 k=2 neg=7 pos=8 root_lp=infeasible nodes=482
OPEN support=169 parity=7 k=3 neg=8 pos=7 root_lp=infeasible nodes=483
OPEN support=171 parity=1 k=1 neg=6 pos=9 root_lp=infeasible nodes=2
OPEN support=158 parity=11 k=4 neg=9 pos=6 root_lp=infeasible nodes=484
OPEN support=152 parity=19 k=3 neg=7 pos=8 root_lp=feasible nodes=108
OPEN support=158 parity=11 k=5 neg=9 pos=6 root_lp=infeasible nodes=485
OPEN support=170 parity=6 k=3 neg=7 pos=8 root_lp=feasible nodes=122
OPEN support=180 parity=3 k=1 neg=6 pos=9 root_lp=infeasible nodes=2
OPEN support=152 parity=19 k=4 neg=7 pos=8 root_lp=feasible nodes=46
OPEN support=161 parity=10 k=3 neg=8 pos=7 root_lp=infeasible nodes=483
OPEN support=161 parity=10 k=4 neg=8 pos=7 root_lp=infeasible nodes=484
OPEN support=189 parity=1 k=1 neg=7 pos=8 root_lp=infeasible nodes=2
OPEN support=152 parity=19 k=4 neg=7 pos=8 root_lp=feasible nodes=78
OPEN support=190 parity=3 k=1 neg=6 pos=9 root_lp=infeasible nodes=2
OPEN support=152 parity=19 k=5 neg=7 pos=8 root_lp=feasible nodes=42
OPEN support=161 parity=10 k=4 neg=8 pos=7 root_lp=infeasible nodes=484
OPEN support=179 parity=10 k=2 neg=7 pos=8 root_lp=infeasible nodes=482
OPEN support=193 parity=7 k=2 neg=6 pos=9 root_lp=feasible nodes=129
OPEN support=161 parity=10 k=5 neg=8 pos=7 root_lp=infeasible nodes=485
OPEN support=188 parity=10 k=2 neg=7 pos=8 root_lp=infeasible nodes=482
OPEN support=193 parity=7 k=3 neg=6 pos=9 root_lp=feasible nodes=92
OPEN support=179 parity=10 k=3 neg=7 pos=8 root_lp=feasible nodes=112
OPEN support=193 parity=7 k=3 neg=6 pos=9 root_lp=feasible nodes=35
OPEN support=193 parity=7 k=4 neg=6 pos=9 root_lp=feasible nodes=32
OPEN support=188 parity=10 k=3 neg=7 pos=8 root_lp=feasible nodes=96
OPEN support=161 parity=19 k=2 neg=7 pos=8 root_lp=infeasible nodes=482
OPEN support=179 parity=10 k=3 neg=7 pos=8 root_lp=feasible nodes=100
OPEN support=196 parity=11 k=1 neg=8 pos=7 root_lp=infeasible nodes=481
OPEN support=179 parity=10 k=4 neg=7 pos=8 root_lp=feasible nodes=48
OPEN support=161 parity=19 k=3 neg=7 pos=8 root_lp=feasible nodes=116
OPEN support=188 parity=10 k=3 neg=7 pos=8 root_lp=feasible nodes=96
OPEN support=196 parity=11 k=2 neg=8 pos=7 root_lp=infeasible nodes=482
OPEN support=161 parity=19 k=3 neg=7 pos=8 root_lp=feasible nodes=92
OPEN support=188 parity=10 k=4 neg=7 pos=8 root_lp=feasible nodes=38
OPEN support=161 parity=19 k=4 neg=7 pos=8 root_lp=feasible nodes=50
OPEN support=197 parity=10 k=2 neg=7 pos=8 root_lp=infeasible nodes=482
OPEN support=196 parity=11 k=2 neg=8 pos=7 root_lp=infeasible nodes=482
OPEN support=161 parity=19 k=3 neg=7 pos=8 root_lp=feasible nodes=110
OPEN support=197 parity=10 k=3 neg=7 pos=8 root_lp=feasible nodes=104
OPEN support=196 parity=11 k=3 neg=8 pos=7 root_lp=infeasible nodes=483
OPEN support=161 parity=19 k=4 neg=7 pos=8 root_lp=feasible nodes=60
OPEN support=161 parity=19 k=4 neg=7 pos=8 root_lp=feasible nodes=32
OPEN support=197 parity=10 k=3 neg=7 pos=8 root_lp=feasible nodes=102
OPEN support=196 parity=11 k=2 neg=8 pos=7 root_lp=infeasible nodes=482
OPEN support=197 parity=10 k=4 neg=7 pos=8 root_lp=feasible nodes=34
OPEN support=161 parity=19 k=5 neg=7 pos=8 root_lp=feasible nodes=42
OPEN support=202 parity=11 k=2 neg=6 pos=9 root_lp=feasible nodes=87
OPEN support=196 parity=11 k=3 neg=8 pos=7 root_lp=infeasible nodes=483
OPEN support=202 parity=11 k=3 neg=6 pos=9 root_lp=feasible nodes=92
OPEN support=202 parity=11 k=3 neg=6 pos=9 root_lp=feasible nodes=29
OPEN support=196 parity=11 k=3 neg=8 pos=7 root_lp=infeasible nodes=483
OPEN support=202 parity=11 k=4 neg=6 pos=9 root_lp=feasible nodes=30
OPEN support=202 parity=11 k=3 neg=6 pos=9 root_lp=feasible nodes=37
OPEN support=202 parity=11 k=4 neg=6 pos=9 root_lp=feasible nodes=32
OPEN support=196 parity=11 k=4 neg=8 pos=7 root_lp=infeasible nodes=484
OPEN support=202 parity=11 k=4 neg=6 pos=9 root_lp=feasible nodes=19
OPEN support=202 parity=11 k=5 neg=6 pos=9 root_lp=feasible nodes=20
OPEN support=205 parity=19 k=1 neg=8 pos=7 root_lp=infeasible nodes=481
OPEN support=205 parity=19 k=2 neg=8 pos=7 root_lp=infeasible nodes=482
OPEN support=211 parity=11 k=2 neg=6 pos=9 root_lp=feasible nodes=83
OPEN support=205 parity=19 k=3 neg=8 pos=7 root_lp=infeasible nodes=483
OPEN support=211 parity=11 k=3 neg=6 pos=9 root_lp=feasible nodes=88
OPEN support=206 parity=18 k=2 neg=7 pos=8 root_lp=infeasible nodes=482
OPEN support=211 parity=11 k=3 neg=6 pos=9 root_lp=feasible nodes=37
OPEN support=211 parity=11 k=4 neg=6 pos=9 root_lp=feasible nodes=30
OPEN support=206 parity=18 k=3 neg=7 pos=8 root_lp=feasible nodes=108
OPEN support=214 parity=19 k=2 neg=8 pos=7 root_lp=infeasible nodes=482
OPEN support=211 parity=11 k=3 neg=6 pos=9 root_lp=feasible nodes=29
OPEN support=205 parity=19 k=3 neg=8 pos=7 root_lp=infeasible nodes=483
OPEN support=211 parity=11 k=4 neg=6 pos=9 root_lp=feasible nodes=32
OPEN support=206 parity=18 k=3 neg=7 pos=8 root_lp=feasible nodes=108
OPEN support=211 parity=11 k=4 neg=6 pos=9 root_lp=feasible nodes=19
OPEN support=214 parity=19 k=3 neg=8 pos=7 root_lp=infeasible nodes=483
OPEN support=206 parity=18 k=4 neg=7 pos=8 root_lp=feasible nodes=32
OPEN support=211 parity=11 k=5 neg=6 pos=9 root_lp=feasible nodes=22
OPEN support=205 parity=19 k=4 neg=8 pos=7 root_lp=infeasible nodes=484
OPEN support=206 parity=18 k=3 neg=7 pos=8 root_lp=feasible nodes=94
OPEN support=214 parity=19 k=3 neg=8 pos=7 root_lp=infeasible nodes=483
OPEN support=205 parity=19 k=3 neg=8 pos=7 root_lp=infeasible nodes=483
OPEN support=206 parity=18 k=4 neg=7 pos=8 root_lp=feasible nodes=30
OPEN support=218 parity=3 k=1 neg=7 pos=8 root_lp=infeasible nodes=2
OPEN support=206 parity=18 k=4 neg=7 pos=8 root_lp=feasible nodes=40
OPEN support=205 parity=19 k=4 neg=8 pos=7 root_lp=infeasible nodes=484
OPEN support=206 parity=18 k=5 neg=7 pos=8 root_lp=feasible nodes=20
OPEN support=214 parity=19 k=4 neg=8 pos=7 root_lp=infeasible nodes=484
OPEN support=205 parity=19 k=4 neg=8 pos=7 root_lp=infeasible nodes=484
OPEN support=214 parity=19 k=3 neg=8 pos=7 root_lp=infeasible nodes=483
OPEN support=205 parity=19 k=5 neg=8 pos=7 root_lp=infeasible nodes=485
OPEN support=215 parity=18 k=2 neg=7 pos=8 root_lp=infeasible nodes=482
OPEN support=214 parity=19 k=4 neg=8 pos=7 root_lp=infeasible nodes=484
OPEN support=214 parity=19 k=4 neg=8 pos=7 root_lp=infeasible nodes=484
OPEN support=215 parity=18 k=3 neg=7 pos=8 root_lp=feasible nodes=106
OPEN support=221 parity=5 k=2 neg=7 pos=8 root_lp=feasible nodes=239
OPEN support=222 parity=3 k=1 neg=8 pos=7 root_lp=infeasible nodes=481
OPEN support=221 parity=5 k=3 neg=7 pos=8 root_lp=feasible nodes=43
OPEN support=214 parity=19 k=5 neg=8 pos=7 root_lp=infeasible nodes=485
OPEN support=215 parity=18 k=3 neg=7 pos=8 root_lp=feasible nodes=104
OPEN support=222 parity=3 k=2 neg=8 pos=7 root_lp=infeasible nodes=482
OPEN support=221 parity=5 k=3 neg=7 pos=8 root_lp=feasible nodes=59
OPEN support=215 parity=18 k=4 neg=7 pos=8 root_lp=feasible nodes=42
OPEN support=221 parity=5 k=4 neg=7 pos=8 root_lp=feasible nodes=25
OPEN support=223 parity=6 k=4 neg=8 pos=7 root_lp=infeasible nodes=484
OPEN support=221 parity=7 k=2 neg=9 pos=6 root_lp=infeasible nodes=482
OPEN support=224 parity=5 k=1 neg=7 pos=8 root_lp=infeasible nodes=481
OPEN support=215 parity=18 k=3 neg=7 pos=8 root_lp=feasible nodes=92
OPEN support=215 parity=18 k=4 neg=7 pos=8 root_lp=feasible nodes=30
OPEN support=221 parity=7 k=3 neg=9 pos=6 root_lp=infeasible nodes=483
OPEN support=223 parity=11 k=4 neg=8 pos=7 root_lp=infeasible nodes=484
OPEN support=215 parity=18 k=4 neg=7 pos=8 root_lp=feasible nodes=34
OPEN support=218 parity=3 k=2 neg=7 pos=8 root_lp=infeasible nodes=3305
OPEN support=215 parity=18 k=5 neg=7 pos=8 root_lp=feasible nodes=20
OPEN support=218 parity=3 k=3 neg=7 pos=8 root_lp=feasible nodes=41
OPEN support=221 parity=7 k=3 neg=9 pos=6 root_lp=infeasible nodes=483
OPEN support=221 parity=7 k=4 neg=9 pos=6 root_lp=infeasible nodes=484
OPEN support=230 parity=9 k=2 neg=7 pos=8 root_lp=feasible nodes=143
OPEN support=232 parity=10 k=4 neg=8 pos=7 root_lp=infeasible nodes=484
OPEN support=227 parity=5 k=2 neg=7 pos=8 root_lp=feasible nodes=361
OPEN support=230 parity=9 k=3 neg=7 pos=8 root_lp=feasible nodes=35
OPEN support=233 parity=9 k=2 neg=7 pos=8 root_lp=feasible nodes=135
OPEN support=232 parity=10 k=5 neg=8 pos=7 root_lp=infeasible nodes=485
OPEN support=227 parity=5 k=3 neg=7 pos=8 root_lp=feasible nodes=51
OPEN support=230 parity=9 k=3 neg=7 pos=8 root_lp=feasible nodes=37
OPEN support=233 parity=9 k=3 neg=7 pos=8 root_lp=feasible nodes=35
OPEN support=227 parity=5 k=3 neg=7 pos=8 root_lp=feasible nodes=41
OPEN support=224 parity=5 k=2 neg=7 pos=8 root_lp=feasible nodes=1213
OPEN support=230 parity=9 k=4 neg=7 pos=8 root_lp=feasible nodes=25
OPEN support=227 parity=5 k=4 neg=7 pos=8 root_lp=feasible nodes=23
OPEN support=233 parity=9 k=3 neg=7 pos=8 root_lp=feasible nodes=49
OPEN support=224 parity=5 k=2 neg=7 pos=8 root_lp=feasible nodes=135
OPEN support=232 parity=19 k=4 neg=8 pos=7 root_lp=infeasible nodes=484
OPEN support=233 parity=9 k=4 neg=7 pos=8 root_lp=feasible nodes=23
OPEN support=230 parity=9 k=3 neg=7 pos=8 root_lp=feasible nodes=65
OPEN support=233 parity=9 k=3 neg=7 pos=8 root_lp=feasible nodes=45
OPEN support=230 parity=9 k=4 neg=7 pos=8 root_lp=feasible nodes=33
OPEN support=224 parity=5 k=3 neg=7 pos=8 root_lp=feasible nodes=67
OPEN support=232 parity=19 k=5 neg=8 pos=7 root_lp=infeasible nodes=485
OPEN support=233 parity=9 k=4 neg=7 pos=8 root_lp=feasible nodes=23
OPEN support=230 parity=9 k=4 neg=7 pos=8 root_lp=feasible nodes=27
OPEN support=224 parity=5 k=3 neg=7 pos=8 root_lp=feasible nodes=69
OPEN support=230 parity=9 k=5 neg=7 pos=8 root_lp=feasible nodes=13
OPEN support=233 parity=9 k=4 neg=7 pos=8 root_lp=feasible nodes=29
OPEN support=236 parity=5 k=2 neg=7 pos=8 root_lp=feasible nodes=261
OPEN support=224 parity=5 k=4 neg=7 pos=8 root_lp=feasible nodes=25
OPEN support=233 parity=9 k=5 neg=7 pos=8 root_lp=feasible nodes=19
OPEN support=230 parity=11 k=2 neg=9 pos=6 root_lp=infeasible nodes=482
OPEN support=236 parity=5 k=3 neg=7 pos=8 root_lp=feasible nodes=39
OPEN support=224 parity=6 k=1 neg=8 pos=7 root_lp=infeasible nodes=481
OPEN support=239 parity=9 k=2 neg=7 pos=8 root_lp=feasible nodes=119
OPEN support=230 parity=11 k=3 neg=9 pos=6 root_lp=infeasible nodes=483
OPEN support=236 parity=5 k=3 neg=7 pos=8 root_lp=feasible nodes=41
OPEN support=239 parity=9 k=3 neg=7 pos=8 root_lp=feasible nodes=43
OPEN support=233 parity=10 k=2 neg=8 pos=7 root_lp=infeasible nodes=482
OPEN support=239 parity=9 k=3 neg=7 pos=8 root_lp=feasible nodes=35
OPEN support=224 parity=6 k=2 neg=8 pos=7 root_lp=infeasible nodes=482
OPEN support=230 parity=11 k=3 neg=9 pos=6 root_lp=infeasible nodes=483
OPEN support=236 parity=5 k=4 neg=7 pos=8 root_lp=feasible nodes=41
OPEN support=239 parity=9 k=4 neg=7 pos=8 root_lp=feasible nodes=25
OPEN support=233 parity=10 k=3 neg=8 pos=7 root_lp=infeasible nodes=483
OPEN support=224 parity=6 k=2 neg=8 pos=7 root_lp=infeasible nodes=482
OPEN support=230 parity=11 k=4 neg=9 pos=6 root_lp=infeasible nodes=484
OPEN support=239 parity=9 k=3 neg=7 pos=8 root_lp=feasible nodes=47
OPEN support=233 parity=10 k=3 neg=8 pos=7 root_lp=infeasible nodes=483
OPEN support=241 parity=10 k=4 neg=8 pos=7 root_lp=infeasible nodes=484
OPEN support=224 parity=6 k=3 neg=8 pos=7 root_lp=infeasible nodes=483
OPEN support=239 parity=9 k=4 neg=7 pos=8 root_lp=feasible nodes=47
OPEN support=233 parity=10 k=4 neg=8 pos=7 root_lp=infeasible nodes=484
OPEN support=230 parity=11 k=3 neg=9 pos=6 root_lp=infeasible nodes=483
OPEN support=239 parity=9 k=4 neg=7 pos=8 root_lp=feasible nodes=43
OPEN support=241 parity=10 k=5 neg=8 pos=7 root_lp=infeasible nodes=485
OPEN support=230 parity=11 k=4 neg=9 pos=6 root_lp=infeasible nodes=484
OPEN support=224 parity=6 k=3 neg=8 pos=7 root_lp=infeasible nodes=483
OPEN support=239 parity=9 k=5 neg=7 pos=8 root_lp=feasible nodes=25
OPEN support=241 parity=11 k=5 neg=7 pos=8 root_lp=feasible nodes=13
OPEN support=233 parity=10 k=3 neg=8 pos=7 root_lp=infeasible nodes=483
OPEN support=239 parity=11 k=2 neg=9 pos=6 root_lp=infeasible nodes=482
OPEN support=230 parity=11 k=4 neg=9 pos=6 root_lp=infeasible nodes=484
OPEN support=224 parity=6 k=4 neg=8 pos=7 root_lp=infeasible nodes=484
OPEN support=233 parity=10 k=4 neg=8 pos=7 root_lp=infeasible nodes=484
OPEN support=241 parity=19 k=4 neg=8 pos=7 root_lp=infeasible nodes=484
OPEN support=239 parity=11 k=3 neg=9 pos=6 root_lp=infeasible nodes=483
OPEN support=230 parity=11 k=5 neg=9 pos=6 root_lp=infeasible nodes=485
OPEN support=233 parity=10 k=4 neg=8 pos=7 root_lp=infeasible nodes=484
OPEN support=239 parity=11 k=3 neg=9 pos=6 root_lp=infeasible nodes=483
OPEN support=241 parity=19 k=5 neg=8 pos=7 root_lp=infeasible nodes=485
OPEN support=233 parity=10 k=5 neg=8 pos=7 root_lp=infeasible nodes=485
OPEN support=224 parity=10 k=2 neg=7 pos=8 root_lp=infeasible nodes=482
OPEN support=239 parity=11 k=4 neg=9 pos=6 root_lp=infeasible nodes=484
OPEN support=224 parity=10 k=3 neg=7 pos=8 root_lp=feasible nodes=96
OPEN support=239 parity=11 k=3 neg=9 pos=6 root_lp=infeasible nodes=483
OPEN support=242 parity=9 k=2 neg=7 pos=8 root_lp=feasible nodes=171
OPEN support=224 parity=10 k=3 neg=7 pos=8 root_lp=feasible nodes=150
OPEN support=239 parity=11 k=4 neg=9 pos=6 root_lp=infeasible nodes=484
OPEN support=242 parity=9 k=3 neg=7 pos=8 root_lp=feasible nodes=53
OPEN support=224 parity=10 k=4 neg=7 pos=8 root_lp=feasible nodes=44
OPEN support=242 parity=9 k=3 neg=7 pos=8 root_lp=feasible nodes=47
OPEN support=239 parity=11 k=4 neg=9 pos=6 root_lp=infeasible nodes=484
OPEN support=242 parity=9 k=4 neg=7 pos=8 root_lp=feasible nodes=25
OPEN support=233 parity=18 k=2 neg=7 pos=8 root_lp=infeasible nodes=482
OPEN support=239 parity=11 k=5 neg=9 pos=6 root_lp=infeasible nodes=485
OPEN support=242 parity=9 k=3 neg=7 pos=8 root_lp=feasible nodes=69
OPEN support=233 parity=18 k=3 neg=7 pos=8 root_lp=feasible nodes=110
OPEN support=242 parity=9 k=4 neg=7 pos=8 root_lp=feasible nodes=29
OPEN support=233 parity=18 k=3 neg=7 pos=8 root_lp=feasible nodes=102
OPEN support=242 parity=9 k=4 neg=7 pos=8 root_lp=feasible nodes=49
OPEN support=233 parity=18 k=4 neg=7 pos=8 root_lp=feasible nodes=50
OPEN support=242 parity=9 k=5 neg=7 pos=8 root_lp=feasible nodes=21
OPEN support=233 parity=18 k=3 neg=7 pos=8 root_lp=feasible nodes=156
OPEN support=233 parity=18 k=4 neg=7 pos=8 root_lp=feasible nodes=44
OPEN support=242 parity=10 k=2 neg=8 pos=7 root_lp=infeasible nodes=482
OPEN support=233 parity=18 k=4 neg=7 pos=8 root_lp=feasible nodes=46
OPEN support=242 parity=10 k=3 neg=8 pos=7 root_lp=infeasible nodes=483
OPEN support=233 parity=18 k=5 neg=7 pos=8 root_lp=feasible nodes=40
OPEN support=242 parity=10 k=3 neg=8 pos=7 root_lp=infeasible nodes=483
OPEN support=242 parity=10 k=4 neg=8 pos=7 root_lp=infeasible nodes=484
OPEN support=242 parity=10 k=3 neg=8 pos=7 root_lp=infeasible nodes=483
OPEN support=242 parity=10 k=4 neg=8 pos=7 root_lp=infeasible nodes=484
OPEN support=242 parity=10 k=4 neg=8 pos=7 root_lp=infeasible nodes=484
OPEN support=242 parity=10 k=5 neg=8 pos=7 root_lp=infeasible nodes=485
OPEN support=242 parity=18 k=2 neg=7 pos=8 root_lp=infeasible nodes=482
OPEN support=242 parity=18 k=3 neg=7 pos=8 root_lp=feasible nodes=108
OPEN support=242 parity=18 k=3 neg=7 pos=8 root_lp=feasible nodes=90
OPEN support=242 parity=18 k=4 neg=7 pos=8 root_lp=feasible nodes=34
OPEN support=242 parity=18 k=3 neg=7 pos=8 root_lp=feasible nodes=128
OPEN support=242 parity=18 k=4 neg=7 pos=8 root_lp=feasible nodes=40
OPEN support=242 parity=18 k=4 neg=7 pos=8 root_lp=feasible nodes=36
OPEN support=242 parity=18 k=5 neg=7 pos=8 root_lp=feasible nodes=32
SU2_ORBIT_AMGM_CPP rank=6 level=11 threads=5
  direct_hall      22491
  residual         2589
  pointwise        2882
  certified        2263
  by_flat_amgm     2052
  by_split         211
  split_nodes      3059
  budget_exhausted 0
  denominators     100:1454 200:582 500:215 1000:189 5000:131
  coverage         87.4% of residual regimes
