STATUS
Exact bounded diagnostics for Target 5A8H28R13.  The identity count
compares the last-exit Green channel sum with an independent endpoint
recurrence.  The outside-in signs are bounded discovery evidence only;
Lemma 5A8H28UC, not the scan, proves the channel decomposition.  The
renewal-current signs test and refute the stronger coefficientwise
shortcut P_(n,t)(F-1)>=0.

COMMAND
character_ring_iter/analyze_su2_last_exit_groups 60 25

OUTPUT
FIRST_NEGATIVE_RENEWAL_CURRENT K=3 Q=1 j=5 t=4 degree=7 value=-790
FIRST_NEGATIVE_NONSPECIAL K=10 Q=4 j=20 t=17 y=7 margin=-584358080265680221571012927691270
SU2_LAST_EXIT_GROUP_SCAN maximum_K=60 maximum_prefix=25 parameters=870 rows=200970 identities=200970 groups=3952410 negative_groups=119127 nonspecial_negative_groups=101410 special_positive_groups=51583 outside_in_prefixes=6116187 negative_outside_in_prefixes=0 renewal_current_coefficients=7971810 negative_renewal_current_coefficients=3251740 minimum_nonspecial=-13194954125373253335846869713925319087996968314119597658041609098478388621384812 minimum_total=0 result=PASS_OUTSIDE_IN_PREFIXES

INTERPRETATION
All 200,970 last-exit channel decompositions reproduce the independent
full-prefix current exactly.  Individual-channel localization is false,
as shown by the displayed nonspecial negative and 119,127 negative
channels overall.  Nevertheless every one of the 6,116,187 cumulative
channel sums, ordered from largest |y-(K-Q)| inward, is nonnegative.
This isolates the unproved statement as the outside-in Green payment
(P5A.102CB8).  The displayed negative renewal coefficient separately
rules out coefficientwise positivity before convolution with the killed
Green channels.

SOURCE_SHA256
eb9c3ee621cf996a7ede3f66cd979b0e2daebd71eebf174faa171a4d877aa608

EXECUTABLE_SHA256
24bf7c282ff37b9d5125b352662cce49f93f23b443278634e96dfb9691741d57
