SU2_ORBIT_AMGM_STACK rank=7 level=13 denominator=100
  direct_hall      26377
  residual         400
  closed           216
  lp_infeasible    100
  round_failed     0
  denominators     100:94 200:60 500:29 1000:14 5000:19
  verify_failed    84
  min_slack        0.016115814
  elapsed_seconds  635.5
  coverage         54.0% of residual regimes
UNRESOLVED support=56 parity=3 free=(0,) stage=lp
UNRESOLVED support=83 parity=2 free=(0,) stage=lp
UNRESOLVED support=164 parity=3 free=(0,) stage=lp
UNRESOLVED support=164 parity=3 free=(4,) stage=lp
UNRESOLVED support=164 parity=3 free=(0, 4) stage=lp
UNRESOLVED support=167 parity=7 free=(0,) stage=lp
UNRESOLVED support=169 parity=6 free=(0, 1, 4) stage=lp
UNRESOLVED support=169 parity=7 free=(0,) stage=lp
UNRESOLVED support=169 parity=7 free=(0, 1, 4) stage=lp
UNRESOLVED support=178 parity=10 free=(0, 1, 2, 4) stage=verify
UNRESOLVED support=178 parity=11 free=(0, 1, 2, 4) stage=verify
UNRESOLVED support=187 parity=12 free=(0, 1, 4) stage=verify
UNRESOLVED support=196 parity=4 free=(0, 1, 4) stage=verify
UNRESOLVED support=196 parity=4 free=(0, 1, 3, 4) stage=verify
UNRESOLVED support=196 parity=10 free=(0, 1, 3, 4) stage=verify
UNRESOLVED support=196 parity=11 free=(0, 1, 4) stage=verify
UNRESOLVED support=196 parity=11 free=(0, 1, 3, 4) stage=verify
UNRESOLVED support=205 parity=4 free=(0, 1, 2, 3, 4) stage=verify
UNRESOLVED support=205 parity=5 free=(0, 1, 4) stage=verify
UNRESOLVED support=205 parity=8 free=(0, 1, 3, 4) stage=verify
UNRESOLVED ... and 164 more
