  exact_crosscheck 20 values agree (field degree 2)
  spectral_crosscheck 25 values agree
SU2_LEVEL_AMGM_CPP level=4 labels=4 nodes=5 threads=5 certify_all=1
  parity_zero      1320
  direct_hall      0
  residual         444
  pointwise        1204
  certified        444
  by_flat_amgm     392
  by_split         52
  split_nodes      444
  budget_exhausted 0
  exact_leaves     8
  abel_chain       9
  denominators     100:392
  soundness        regimes=444 points=17760 violations=0
  negative_control corrupted=767 refused=767
  regimes_nonzero  1648
  open             0
  coverage         100.0% of nonzero regimes
