  exact_crosscheck 30 values agree (field degree 3)
  spectral_crosscheck 36 values agree
SU2_LEVEL_AMGM_CPP level=5 labels=5 nodes=6 threads=5 certify_all=1
  parity_zero      13192
  direct_hall      0
  residual         7872
  pointwise        6898
  certified        7872
  by_flat_amgm     7425
  by_split         447
  split_nodes      7908
  budget_exhausted 0
  exact_leaves     27
  abel_chain       36
  denominators     100:7427 200:4 5000:2
  soundness        regimes=2000 points=80000 violations=0
  negative_control corrupted=1000 refused=1000
  regimes_nonzero  14770
  open             0
  coverage         100.0% of nonzero regimes
