  exact_crosscheck 42 values agree (field degree 4)
  spectral_crosscheck 49 values agree
SU2_LEVEL_AMGM_CPP level=6 labels=6 nodes=7 threads=5 certify_all=1
  parity_zero      124928
  direct_hall      0
  residual         62336
  pointwise        70644
  certified        62199
  by_flat_amgm     60051
  by_split         2148
  split_nodes      63269
  budget_exhausted 0
  exact_leaves     74
  abel_chain       141
  galois_folded    0
  denominators     100:58918 200:91 500:876 1000:637 5000:94
  soundness        regimes=2000 points=80000 violations=0
  negative_control corrupted=1000 refused=1000
  regimes_nonzero  132980
  open             137
  coverage         99.9% of nonzero regimes
