SU2_ORBIT_AMGM_STACK rank=6 level=11 denominator=100
  direct_hall      22491
  residual         2589
  closed_amgm      1998
  closed_split     264
  lp_infeasible    320
  round_failed     0
  denominators     100:1183 200:446 500:158 1000:122 5000:89
  verify_failed    7
  min_slack        0.0046855908
  elapsed_seconds  403.8
  closed_total     2262
  coverage         87.4% of residual regimes
UNRESOLVED support=56 parity=3 free=(0,) stage=lp
UNRESOLVED support=83 parity=2 free=(0,) stage=lp
UNRESOLVED support=83 parity=2 free=(4,) stage=lp
UNRESOLVED support=83 parity=2 free=(0, 4) stage=lp
UNRESOLVED support=89 parity=7 free=(4,) stage=lp
UNRESOLVED support=89 parity=7 free=(0, 4) stage=lp
UNRESOLVED support=89 parity=7 free=(0, 1, 4) stage=lp
UNRESOLVED support=98 parity=11 free=(0, 4) stage=lp
UNRESOLVED support=98 parity=11 free=(0, 1, 4) stage=lp
UNRESOLVED support=98 parity=11 free=(0, 2, 4) stage=lp
UNRESOLVED support=98 parity=11 free=(0, 1, 2, 4) stage=lp
UNRESOLVED support=107 parity=11 free=(0, 4) stage=lp
UNRESOLVED support=107 parity=11 free=(0, 1, 4) stage=lp
UNRESOLVED support=107 parity=11 free=(0, 2, 4) stage=lp
UNRESOLVED support=107 parity=11 free=(0, 1, 2, 4) stage=lp
UNRESOLVED support=116 parity=11 free=(0, 4) stage=lp
UNRESOLVED support=116 parity=11 free=(0, 1, 4) stage=lp
UNRESOLVED support=116 parity=11 free=(0, 3, 4) stage=lp
UNRESOLVED support=116 parity=11 free=(0, 1, 3, 4) stage=lp
UNRESOLVED support=125 parity=11 free=(0, 1, 4) stage=verify
UNRESOLVED ... and 307 more
