SU2_T4_GROUP_MASKS target=g0 hinges=88 masks=541 result=PASS_EXACT_CENSUS
SU2_K4_INTERMEDIATE_DIRECT mask=0 facets=(0,1,2) basis=monomial result=PASS_EXACT_IDENTITY
SU2_K4_INTERMEDIATE_DIRECT mask=1 facets=(0,1,2) basis=monomial result=PASS_EXACT_IDENTITY
SU2_K4_INTERMEDIATE_DIRECT mask=2 facets=(0,1,2) basis=monomial result=PASS_EXACT_IDENTITY
SU2_K4_INTERMEDIATE_DIRECT mask=3 facets=(0,2,3) basis=monomial result=PASS_EXACT_IDENTITY
SU2_K4_INTERMEDIATE_DIRECT mask=4 facets=(0,1,2) basis=monomial result=PASS_EXACT_IDENTITY
SU2_K4_INTERMEDIATE_DIRECT mask=5 facets=(0,1,2) basis=monomial result=PASS_EXACT_IDENTITY
SU2_K4_INTERMEDIATE_DIRECT mask=6 facets=(0,2,3) basis=monomial result=PASS_EXACT_IDENTITY
SU2_K4_INTERMEDIATE_DIRECT mask=7 facets=(0,1,3) basis=monomial result=PASS_EXACT_IDENTITY
SU2_K4_INTERMEDIATE_DIRECT mask=8 facets=(0,1,3) basis=monomial result=PASS_EXACT_IDENTITY
SU2_K4_INTERMEDIATE_DIRECT mask=9 facets=(0,2,4) basis=monomial result=PASS_EXACT_IDENTITY
SU2_K4_INTERMEDIATE_DIRECT mask=10 facets=(0,1,3) basis=monomial result=PASS_EXACT_IDENTITY
SU2_K4_INTERMEDIATE_DIRECT mask=11 facets=(0,1,2) basis=monomial result=PASS_EXACT_IDENTITY
SU2_K4_INTERMEDIATE_DIRECT mask=12 facets=(0,1,2) basis=monomial result=PASS_EXACT_IDENTITY
SU2_T4_GROUP_BOUNDED position=13 Q_bound=1/1 H_bound=5/2 points=1 result=PASS_EXACT_FINITE
SU2_T4_GROUP_BOUNDED position=14 Q_bound=1/1 H_bound=5/2 points=1 result=PASS_EXACT_FINITE
SU2_K4_INTERMEDIATE_DIRECT mask=15 facets=(0,1,2) basis=monomial result=PASS_EXACT_IDENTITY
SU2_K4_INTERMEDIATE_DIRECT mask=16 facets=(0,1,2) basis=monomial result=PASS_EXACT_IDENTITY
SU2_K4_INTERMEDIATE_DIRECT mask=17 facets=(0,1,2) basis=monomial result=PASS_EXACT_IDENTITY
SU2_K4_INTERMEDIATE_DIRECT mask=18 facets=(0,1,2) basis=monomial result=PASS_EXACT_IDENTITY
SU2_K4_INTERMEDIATE_DIRECT mask=19 facets=(0,2,3) basis=monomial result=PASS_EXACT_IDENTITY
SU2_K4_INTERMEDIATE_DIRECT mask=20 facets=(0,1,2) basis=monomial result=PASS_EXACT_IDENTITY
SU2_K4_INTERMEDIATE_DIRECT mask=21 facets=(0,2,3) basis=monomial result=PASS_EXACT_IDENTITY
SU2_K4_INTERMEDIATE_DIRECT mask=22 facets=(0,1,2) basis=monomial result=PASS_EXACT_IDENTITY
SU2_K4_INTERMEDIATE_DIRECT mask=23 facets=(0,2,3) basis=monomial result=PASS_EXACT_IDENTITY
SU2_K4_INTERMEDIATE_DIRECT mask=24 facets=(0,2,3) basis=monomial result=PASS_EXACT_IDENTITY
SU2_T4_GROUP target=g0 progress=25/541 certified=25
SU2_K4_INTERMEDIATE_DIRECT mask=25 facets=(0,1,2) basis=monomial result=PASS_EXACT_IDENTITY
SU2_K4_INTERMEDIATE_DIRECT mask=26 facets=(0,2,3) basis=monomial result=PASS_EXACT_IDENTITY
SU2_K4_INTERMEDIATE_DIRECT mask=27 facets=(0,1,2) basis=monomial result=PASS_EXACT_IDENTITY
SU2_K4_INTERMEDIATE_DIRECT mask=28 facets=(0,2,3) basis=monomial result=PASS_EXACT_IDENTITY
SU2_K4_INTERMEDIATE_DIRECT mask=29 facets=(0,2,4) basis=monomial result=PASS_EXACT_IDENTITY
SU2_K4_INTERMEDIATE_DIRECT mask=30 facets=(0,1,3) basis=monomial result=PASS_EXACT_IDENTITY
SU2_K4_INTERMEDIATE_DIRECT mask=31 facets=(0,2,4) basis=monomial result=PASS_EXACT_IDENTITY
SU2_K4_INTERMEDIATE_DIRECT mask=32 facets=(0,1,2) basis=monomial result=PASS_EXACT_IDENTITY
SU2_K4_INTERMEDIATE_DIRECT mask=33 facets=(2,3,7) basis=monomial result=PASS_EXACT_IDENTITY
SU2_K4_INTERMEDIATE_DIRECT mask=33 facets=(2,3,7) basis=monomial result=PASS_EXACT_IDENTITY
SU2_K4_INTERMEDIATE_DIRECT mask=33 facets=(2,3,7) basis=monomial result=PASS_EXACT_IDENTITY
SU2_K4_INTERMEDIATE_CONSTANT_SUM mask=33 facets=(0,1,4) total=1 pieces=3 result=PASS_EXACT_COMPOSITIONS
SU2_K4_INTERMEDIATE_DIRECT mask=34 facets=(0,1,3) basis=monomial result=PASS_EXACT_IDENTITY
SU2_K4_INTERMEDIATE_DIRECT mask=35 facets=(0,1,2) basis=monomial result=PASS_EXACT_IDENTITY
SU2_K4_INTERMEDIATE_DIRECT mask=36 facets=(0,1,3) basis=monomial result=PASS_EXACT_IDENTITY
SU2_K4_INTERMEDIATE_DIRECT mask=37 facets=(0,1,3) basis=monomial result=PASS_EXACT_IDENTITY
SU2_K4_INTERMEDIATE_DIRECT mask=38 facets=(0,2,3) basis=monomial result=PASS_EXACT_IDENTITY
SU2_K4_INTERMEDIATE_DIRECT mask=39 facets=(0,1,3) basis=monomial result=PASS_EXACT_IDENTITY
SU2_K4_INTERMEDIATE_DIRECT mask=40 facets=(0,2,4) basis=monomial result=PASS_EXACT_IDENTITY
SU2_K4_INTERMEDIATE_DIRECT mask=41 facets=(0,3,4) basis=monomial result=PASS_EXACT_IDENTITY
SU2_K4_INTERMEDIATE_DIRECT mask=42 facets=(0,1,2) basis=monomial result=PASS_EXACT_IDENTITY
SU2_K4_INTERMEDIATE_DIRECT mask=43 facets=(0,2,3) basis=newton result=PASS_EXACT_IDENTITY
SU2_K4_INTERMEDIATE_DIRECT mask=44 facets=(0,1,2) basis=monomial result=PASS_EXACT_IDENTITY
SU2_K4_INTERMEDIATE_DIRECT mask=45 facets=(0,2,3) basis=monomial result=PASS_EXACT_IDENTITY
SU2_K4_INTERMEDIATE_DIRECT mask=46 facets=(0,2,4) basis=monomial result=PASS_EXACT_IDENTITY
SU2_K4_INTERMEDIATE_CONSTANT_SUM mask=46 facets=(2,3,4) total=2 pieces=6 result=PASS_EXACT_COMPOSITIONS
SU2_K4_INTERMEDIATE_DIRECT mask=47 facets=(0,2,4) basis=monomial result=PASS_EXACT_IDENTITY
SU2_K4_INTERMEDIATE_DIRECT mask=48 facets=(0,1,2) basis=monomial result=PASS_EXACT_IDENTITY
SU2_K4_INTERMEDIATE_DIRECT mask=49 facets=(0,1,2) basis=monomial result=PASS_EXACT_IDENTITY
SU2_T4_GROUP target=g0 progress=50/541 certified=50
SU2_K4_INTERMEDIATE_DIRECT mask=50 facets=(0,1,2) basis=monomial result=PASS_EXACT_IDENTITY
SU2_K4_INTERMEDIATE_DIRECT mask=51 facets=(0,3,4) basis=monomial result=PASS_EXACT_IDENTITY
SU2_T4_GROUP_BOUNDED position=52 Q_bound=2/1 H_bound=9/2 points=1 result=PASS_EXACT_FINITE
SU2_K4_INTERMEDIATE_DIRECT mask=53 facets=(0,1,2) basis=monomial result=PASS_EXACT_IDENTITY
SU2_T4_GROUP_BOUNDED position=54 Q_bound=2/1 H_bound=9/2 points=1 result=PASS_EXACT_FINITE
SU2_K4_INTERMEDIATE_DIRECT mask=55 facets=(0,1,2) basis=monomial result=PASS_EXACT_IDENTITY
SU2_K4_INTERMEDIATE_DIRECT mask=56 facets=(0,1,2) basis=monomial result=PASS_EXACT_IDENTITY
SU2_T4_GROUP_BOUNDED position=57 Q_bound=2/1 H_bound=9/2 points=1 result=PASS_EXACT_FINITE
SU2_K4_INTERMEDIATE_DIRECT mask=58 facets=(0,1,2) basis=monomial result=PASS_EXACT_IDENTITY
SU2_K4_INTERMEDIATE_DIRECT mask=59 facets=(0,1,2) basis=monomial result=PASS_EXACT_IDENTITY
SU2_K4_INTERMEDIATE_DIRECT mask=60 facets=(0,1,2) basis=monomial result=PASS_EXACT_IDENTITY
SU2_K4_INTERMEDIATE_DIRECT mask=61 facets=(0,1,2) basis=monomial result=PASS_EXACT_IDENTITY
SU2_K4_INTERMEDIATE_DIRECT mask=62 facets=(0,2,3) basis=monomial result=PASS_EXACT_IDENTITY
SU2_K4_INTERMEDIATE_DIRECT mask=63 facets=(0,1,2) basis=monomial result=PASS_EXACT_IDENTITY
SU2_K4_INTERMEDIATE_DIRECT mask=64 facets=(0,2,3) basis=monomial result=PASS_EXACT_IDENTITY
SU2_K4_INTERMEDIATE_DIRECT mask=65 facets=(0,1,2) basis=monomial result=PASS_EXACT_IDENTITY
SU2_K4_INTERMEDIATE_DIRECT mask=66 facets=(0,2,3) basis=monomial result=PASS_EXACT_IDENTITY
SU2_K4_INTERMEDIATE_DIRECT mask=67 facets=(0,2,3) basis=monomial result=PASS_EXACT_IDENTITY
SU2_K4_INTERMEDIATE_DIRECT mask=68 facets=(0,1,2) basis=monomial result=PASS_EXACT_IDENTITY
SU2_K4_INTERMEDIATE_DIRECT mask=69 facets=(0,2,3) basis=monomial result=PASS_EXACT_IDENTITY
SU2_K4_INTERMEDIATE_DIRECT mask=70 facets=(0,2,3) basis=monomial result=PASS_EXACT_IDENTITY
SU2_K4_INTERMEDIATE_DIRECT mask=71 facets=(0,1,2) basis=monomial result=PASS_EXACT_IDENTITY
SU2_K4_INTERMEDIATE_DIRECT mask=72 facets=(0,2,3) basis=monomial result=PASS_EXACT_IDENTITY
SU2_K4_INTERMEDIATE_DIRECT mask=73 facets=(0,2,4) basis=monomial result=PASS_EXACT_IDENTITY
SU2_K4_INTERMEDIATE_DIRECT mask=74 facets=(0,1,3) basis=monomial result=PASS_EXACT_IDENTITY
SU2_T4_GROUP target=g0 progress=75/541 certified=75
SU2_K4_INTERMEDIATE_DIRECT mask=75 facets=(0,2,4) basis=monomial result=PASS_EXACT_IDENTITY
SU2_K4_INTERMEDIATE_DIRECT mask=76 facets=(0,2,4) basis=monomial result=PASS_EXACT_IDENTITY
SU2_K4_INTERMEDIATE_DIRECT mask=77 facets=(0,1,3) basis=monomial result=PASS_EXACT_IDENTITY
SU2_K4_INTERMEDIATE_DIRECT mask=78 facets=(0,1,2) basis=monomial result=PASS_EXACT_IDENTITY
SU2_K4_INTERMEDIATE_DIRECT mask=79 facets=(2,3,7) basis=monomial result=PASS_EXACT_IDENTITY
SU2_K4_INTERMEDIATE_DIRECT mask=79 facets=(2,3,7) basis=monomial result=PASS_EXACT_IDENTITY
SU2_K4_INTERMEDIATE_DIRECT mask=79 facets=(2,3,7) basis=monomial result=PASS_EXACT_IDENTITY
SU2_K4_INTERMEDIATE_DIRECT mask=79 facets=(2,3,7) basis=monomial result=PASS_EXACT_IDENTITY
SU2_K4_INTERMEDIATE_DIRECT mask=79 facets=(2,3,7) basis=monomial result=PASS_EXACT_IDENTITY
SU2_K4_INTERMEDIATE_DIRECT mask=79 facets=(0,1,4) basis=monomial result=PASS_EXACT_IDENTITY
SU2_K4_INTERMEDIATE_CONSTANT_SUM mask=79 facets=(0,1,5) total=2 pieces=6 result=PASS_EXACT_COMPOSITIONS
SU2_K4_INTERMEDIATE_DIRECT mask=80 facets=(0,1,3) basis=monomial result=PASS_EXACT_IDENTITY
SU2_K4_INTERMEDIATE_DIRECT mask=81 facets=(0,1,2) basis=monomial result=PASS_EXACT_IDENTITY
SU2_K4_INTERMEDIATE_DIRECT mask=82 facets=(0,1,3) basis=monomial result=PASS_EXACT_IDENTITY
SU2_K4_INTERMEDIATE_DIRECT mask=83 facets=(0,1,2) basis=monomial result=PASS_EXACT_IDENTITY
SU2_K4_INTERMEDIATE_DIRECT mask=83 facets=(0,1,2) basis=monomial result=PASS_EXACT_IDENTITY
SU2_K4_INTERMEDIATE_CONSTANT_SUM mask=83 facets=(0,2,5) total=1 pieces=3 result=PASS_EXACT_COMPOSITIONS
SU2_K4_INTERMEDIATE_DIRECT mask=84 facets=(0,2,3) basis=monomial result=PASS_EXACT_IDENTITY
SU2_K4_INTERMEDIATE_DIRECT mask=85 facets=(0,1,2) basis=monomial result=PASS_EXACT_IDENTITY
SU2_K4_INTERMEDIATE_DIRECT mask=85 facets=(0,1,2) basis=monomial result=PASS_EXACT_IDENTITY
SU2_K4_INTERMEDIATE_CONSTANT_SUM mask=85 facets=(0,1,5) total=1 pieces=3 result=PASS_EXACT_COMPOSITIONS
SU2_K4_INTERMEDIATE_DIRECT mask=86 facets=(0,2,3) basis=monomial result=PASS_EXACT_IDENTITY
SU2_K4_INTERMEDIATE_DIRECT mask=87 facets=(0,1,3) basis=monomial result=PASS_EXACT_IDENTITY
SU2_K4_INTERMEDIATE_DIRECT mask=88 facets=(0,1,2) basis=monomial result=PASS_EXACT_IDENTITY
SU2_K4_INTERMEDIATE_DIRECT mask=88 facets=(0,1,2) basis=monomial result=PASS_EXACT_IDENTITY
SU2_K4_INTERMEDIATE_CONSTANT_SUM mask=88 facets=(0,3,5) total=1 pieces=3 result=PASS_EXACT_COMPOSITIONS
SU2_K4_INTERMEDIATE_DIRECT mask=89 facets=(0,1,3) basis=monomial result=PASS_EXACT_IDENTITY
SU2_K4_INTERMEDIATE_DIRECT mask=90 facets=(0,1,2) basis=monomial result=PASS_EXACT_IDENTITY
SU2_K4_INTERMEDIATE_DIRECT mask=91 facets=(0,1,4) basis=monomial result=PASS_EXACT_IDENTITY
SU2_K4_INTERMEDIATE_DIRECT mask=92 facets=(0,1,2) basis=monomial result=PASS_EXACT_IDENTITY
SU2_K4_INTERMEDIATE_DIRECT mask=92 facets=(0,1,2) basis=monomial result=PASS_EXACT_IDENTITY
SU2_K4_INTERMEDIATE_CONSTANT_SUM mask=92 facets=(0,2,5) total=1 pieces=3 result=PASS_EXACT_COMPOSITIONS
SU2_K4_INTERMEDIATE_DIRECT mask=93 facets=(0,2,3) basis=monomial result=PASS_EXACT_IDENTITY
SU2_K4_INTERMEDIATE_DIRECT mask=94 facets=(0,1,2) basis=monomial result=PASS_EXACT_IDENTITY
SU2_K4_INTERMEDIATE_DIRECT mask=95 facets=(0,1,2) basis=monomial result=PASS_EXACT_IDENTITY
SU2_K4_INTERMEDIATE_DIRECT mask=96 facets=(0,1,2) basis=monomial result=PASS_EXACT_IDENTITY
SU2_K4_INTERMEDIATE_DIRECT mask=97 facets=(0,1,3) basis=monomial result=PASS_EXACT_IDENTITY
SU2_K4_INTERMEDIATE_DIRECT mask=98 facets=(0,2,3) basis=monomial result=PASS_EXACT_IDENTITY
SU2_K4_INTERMEDIATE_DIRECT mask=99 facets=(0,2,3) basis=monomial result=PASS_EXACT_IDENTITY
SU2_T4_GROUP target=g0 progress=100/541 certified=100
SU2_K4_INTERMEDIATE_DIRECT mask=100 facets=(1,2,5) basis=monomial result=PASS_EXACT_IDENTITY
SU2_K4_INTERMEDIATE_DIRECT mask=101 facets=(0,1,2) basis=monomial result=PASS_EXACT_IDENTITY
SU2_K4_INTERMEDIATE_DIRECT mask=102 facets=(0,1,4) basis=newton result=PASS_EXACT_IDENTITY
SU2_K4_INTERMEDIATE_DIRECT mask=103 facets=(0,2,5) basis=monomial result=PASS_EXACT_IDENTITY
SU2_K4_INTERMEDIATE_DIRECT mask=104 facets=(0,1,2) basis=monomial result=PASS_EXACT_IDENTITY
SU2_K4_INTERMEDIATE_DIRECT mask=105 facets=(0,1,2) basis=monomial result=PASS_EXACT_IDENTITY
SU2_K4_INTERMEDIATE_DIRECT mask=106 facets=(0,2,4) basis=monomial result=PASS_EXACT_IDENTITY
SU2_K4_INTERMEDIATE_CONSTANT_SUM mask=106 facets=(2,3,5) total=2 pieces=6 result=PASS_EXACT_COMPOSITIONS
SU2_K4_INTERMEDIATE_DIRECT mask=107 facets=(0,1,2) basis=monomial result=PASS_EXACT_IDENTITY
SU2_K4_INTERMEDIATE_DIRECT mask=107 facets=(0,1,2) basis=monomial result=PASS_EXACT_IDENTITY
SU2_K4_INTERMEDIATE_CONSTANT_SUM mask=107 facets=(0,2,4) total=1 pieces=3 result=PASS_EXACT_COMPOSITIONS
SU2_K4_INTERMEDIATE_DIRECT mask=108 facets=(0,1,2) basis=monomial result=PASS_EXACT_IDENTITY
SU2_K4_INTERMEDIATE_DIRECT mask=109 facets=(0,1,2) basis=monomial result=PASS_EXACT_IDENTITY
SU2_K4_INTERMEDIATE_DIRECT mask=110 facets=(0,1,2) basis=monomial result=PASS_EXACT_IDENTITY
SU2_K4_INTERMEDIATE_DIRECT mask=111 facets=(0,1,2) basis=monomial result=PASS_EXACT_IDENTITY
SU2_K4_INTERMEDIATE_DIRECT mask=112 facets=(0,1,2) basis=monomial result=PASS_EXACT_IDENTITY
SU2_K4_INTERMEDIATE_DIRECT mask=113 facets=(0,2,3) basis=monomial result=PASS_EXACT_IDENTITY
SU2_K4_INTERMEDIATE_DIRECT mask=114 facets=(0,1,2) basis=monomial result=PASS_EXACT_IDENTITY
SU2_K4_INTERMEDIATE_DIRECT mask=115 facets=(0,2,3) basis=monomial result=PASS_EXACT_IDENTITY
SU2_K4_INTERMEDIATE_DIRECT mask=116 facets=(0,1,2) basis=monomial result=PASS_EXACT_IDENTITY
SU2_K4_INTERMEDIATE_DIRECT mask=117 facets=(0,2,3) basis=monomial result=PASS_EXACT_IDENTITY
SU2_K4_INTERMEDIATE_DIRECT mask=118 facets=(0,2,3) basis=monomial result=PASS_EXACT_IDENTITY
SU2_K4_INTERMEDIATE_DIRECT mask=119 facets=(0,1,2) basis=monomial result=PASS_EXACT_IDENTITY
SU2_K4_INTERMEDIATE_DIRECT mask=120 facets=(0,2,3) basis=monomial result=PASS_EXACT_IDENTITY
SU2_K4_INTERMEDIATE_DIRECT mask=121 facets=(0,2,3) basis=monomial result=PASS_EXACT_IDENTITY
SU2_K4_INTERMEDIATE_DIRECT mask=122 facets=(0,1,2) basis=monomial result=PASS_EXACT_IDENTITY
SU2_K4_INTERMEDIATE_DIRECT mask=123 facets=(0,2,3) basis=monomial result=PASS_EXACT_IDENTITY
SU2_K4_INTERMEDIATE_DIRECT mask=124 facets=(0,2,3) basis=monomial result=PASS_EXACT_IDENTITY
SU2_T4_GROUP target=g0 progress=125/541 certified=125
SU2_K4_INTERMEDIATE_DIRECT mask=125 facets=(0,1,2) basis=monomial result=PASS_EXACT_IDENTITY
SU2_K4_INTERMEDIATE_DIRECT mask=126 facets=(0,2,3) basis=monomial result=PASS_EXACT_IDENTITY
SU2_K4_INTERMEDIATE_DIRECT mask=127 facets=(0,2,3) basis=monomial result=PASS_EXACT_IDENTITY
SU2_K4_INTERMEDIATE_DIRECT mask=128 facets=(0,1,3) basis=monomial result=PASS_EXACT_IDENTITY
SU2_K4_INTERMEDIATE_DIRECT mask=129 facets=(0,1,2) basis=monomial result=PASS_EXACT_IDENTITY
SU2_K4_INTERMEDIATE_EQUAL_SUM_CONE mask=130 pairs=(0,1;2,3) orientations=(0,0) minimum=3 offset=0 result=PASS_EXACT_SQUARE_TRIANGULATION
SU2_K4_INTERMEDIATE_DIRECT mask=131 facets=(0,1,3) basis=monomial result=PASS_EXACT_IDENTITY
SU2_K4_INTERMEDIATE_DIRECT mask=132 facets=(0,1,2) basis=monomial result=PASS_EXACT_IDENTITY
SU2_K4_INTERMEDIATE_DIRECT mask=133 facets=(0,1,3) basis=monomial result=PASS_EXACT_IDENTITY
SU2_K4_INTERMEDIATE_EQUAL_SUM_CONE mask=134 pairs=(0,2;1,3) orientations=(0,0) minimum=2 offset=1 result=PASS_EXACT_SQUARE_TRIANGULATION
SU2_K4_INTERMEDIATE_DIRECT mask=135 facets=(0,2,3) basis=monomial result=PASS_EXACT_IDENTITY
SU2_K4_INTERMEDIATE_EQUAL_SUM_CONE mask=136 pairs=(0,1;2,3) orientations=(0,0) minimum=2 offset=1 result=PASS_EXACT_SQUARE_TRIANGULATION
SU2_K4_INTERMEDIATE_DIRECT mask=137 facets=(0,2,3) basis=monomial result=PASS_EXACT_IDENTITY
SU2_K4_INTERMEDIATE_DIRECT mask=138 facets=(0,1,3) basis=monomial result=PASS_EXACT_IDENTITY
SU2_K4_INTERMEDIATE_EQUAL_SUM_CONE mask=139 pairs=(0,3;1,2) orientations=(0,0) minimum=2 offset=1 result=PASS_EXACT_SQUARE_TRIANGULATION
SU2_K4_INTERMEDIATE_DIRECT mask=140 facets=(0,1,3) basis=monomial result=PASS_EXACT_IDENTITY
SU2_K4_INTERMEDIATE_DIRECT mask=141 facets=(0,1,2) basis=monomial result=PASS_EXACT_IDENTITY
SU2_K4_INTERMEDIATE_DIRECT mask=142 facets=(0,1,4) basis=monomial result=PASS_EXACT_IDENTITY
SU2_K4_INTERMEDIATE_EQUAL_SUM_CONE mask=143 pairs=(0,2;1,3) orientations=(0,0) minimum=2 offset=1 result=PASS_EXACT_SQUARE_TRIANGULATION
SU2_K4_INTERMEDIATE_DIRECT mask=144 facets=(0,2,3) basis=monomial result=PASS_EXACT_IDENTITY
SU2_K4_INTERMEDIATE_DIRECT mask=145 facets=(0,1,2) basis=monomial result=PASS_EXACT_IDENTITY
SU2_K4_INTERMEDIATE_DIRECT mask=146 facets=(0,1,2) basis=monomial result=PASS_EXACT_IDENTITY
SU2_K4_INTERMEDIATE_DIRECT mask=147 facets=(0,1,4) basis=monomial result=PASS_EXACT_IDENTITY
SU2_K4_INTERMEDIATE_DIRECT mask=148 facets=(1,2,5) basis=monomial result=PASS_EXACT_IDENTITY
SU2_K4_INTERMEDIATE_DIRECT mask=148 facets=(0,3,5) basis=monomial result=PASS_EXACT_IDENTITY
SU2_K4_INTERMEDIATE_PAIR_CUT mask=148 pair=(0,1) result=PASS_EXACT_INTEGER_DICHOTOMY
SU2_K4_INTERMEDIATE_DIRECT mask=149 facets=(0,2,3) basis=monomial result=PASS_EXACT_IDENTITY
SU2_T4_GROUP target=g0 progress=150/541 certified=150
SU2_K4_INTERMEDIATE_DIRECT mask=150 facets=(0,2,3) basis=monomial result=PASS_EXACT_IDENTITY
SU2_K4_INTERMEDIATE_EQUAL_SUM_CONE mask=151 pairs=(0,1;2,3) orientations=(0,0) minimum=2 offset=1 result=PASS_EXACT_SQUARE_TRIANGULATION
SU2_K4_INTERMEDIATE_DIRECT mask=152 facets=(0,2,4) basis=monomial result=PASS_EXACT_IDENTITY
SU2_K4_INTERMEDIATE_DIRECT mask=153 facets=(0,2,3) basis=monomial result=PASS_EXACT_IDENTITY
SU2_K4_INTERMEDIATE_DIRECT mask=154 facets=(1,3,5) basis=monomial result=PASS_EXACT_IDENTITY
SU2_K4_INTERMEDIATE_DIRECT mask=154 facets=(0,2,5) basis=monomial result=PASS_EXACT_IDENTITY
SU2_K4_INTERMEDIATE_PAIR_CUT mask=154 pair=(0,1) result=PASS_EXACT_INTEGER_DICHOTOMY
SU2_K4_INTERMEDIATE_DIRECT mask=155 facets=(0,2,4) basis=monomial result=PASS_EXACT_IDENTITY
SU2_K4_INTERMEDIATE_DIRECT mask=156 facets=(0,2,4) basis=monomial result=PASS_EXACT_IDENTITY
SU2_K4_INTERMEDIATE_DIRECT mask=157 facets=(0,1,3) basis=monomial result=PASS_EXACT_IDENTITY
SU2_K4_INTERMEDIATE_DIRECT mask=158 facets=(0,1,2) basis=monomial result=PASS_EXACT_IDENTITY
SU2_K4_INTERMEDIATE_DIRECT mask=159 facets=(0,1,2) basis=monomial result=PASS_EXACT_IDENTITY
SU2_K4_INTERMEDIATE_DIRECT mask=160 facets=(0,1,2) basis=monomial result=PASS_EXACT_IDENTITY
SU2_K4_INTERMEDIATE_DIRECT mask=161 facets=(0,3,5) basis=monomial result=PASS_EXACT_IDENTITY
SU2_K4_INTERMEDIATE_PAIR_CUT mask=161 pair=(0,2) result=PASS_EXACT_INTEGER_DICHOTOMY
SU2_K4_INTERMEDIATE_EQUAL_SUM_CONE mask=162 pairs=(0,2;1,3) orientations=(0,0) minimum=2 offset=0 result=PASS_EXACT_SQUARE_TRIANGULATION
SU2_K4_INTERMEDIATE_DIRECT mask=163 facets=(0,2,4) basis=monomial result=PASS_EXACT_IDENTITY
SU2_K4_INTERMEDIATE_DIRECT mask=164 facets=(0,1,4) basis=monomial result=PASS_EXACT_IDENTITY
SU2_K4_INTERMEDIATE_DIRECT mask=165 facets=(0,2,3) basis=monomial result=PASS_EXACT_IDENTITY
SU2_K4_INTERMEDIATE_DIRECT mask=166 facets=(0,1,2) basis=monomial result=PASS_EXACT_IDENTITY
SU2_K4_INTERMEDIATE_DIRECT mask=167 facets=(0,1,2) basis=monomial result=PASS_EXACT_IDENTITY
SU2_K4_INTERMEDIATE_DIRECT mask=168 facets=(0,1,2) basis=monomial result=PASS_EXACT_IDENTITY
SU2_K4_INTERMEDIATE_DIRECT mask=169 facets=(0,1,2) basis=monomial result=PASS_EXACT_IDENTITY
SU2_K4_INTERMEDIATE_DIRECT mask=170 facets=(0,1,3) basis=monomial result=PASS_EXACT_IDENTITY
SU2_K4_INTERMEDIATE_DIRECT mask=171 facets=(0,1,2) basis=monomial result=PASS_EXACT_IDENTITY
SU2_K4_INTERMEDIATE_DIRECT mask=172 facets=(0,1,3) basis=monomial result=PASS_EXACT_IDENTITY
SU2_K4_INTERMEDIATE_DIRECT mask=173 facets=(0,1,2) basis=monomial result=PASS_EXACT_IDENTITY
SU2_K4_INTERMEDIATE_DIRECT mask=174 facets=(0,2,4) basis=monomial result=PASS_EXACT_IDENTITY
SU2_T4_GROUP target=g0 progress=175/541 certified=175
SU2_K4_INTERMEDIATE_DIRECT mask=175 facets=(0,1,3) basis=monomial result=PASS_EXACT_IDENTITY
SU2_K4_INTERMEDIATE_DIRECT mask=176 facets=(0,1,2) basis=monomial result=PASS_EXACT_IDENTITY
SU2_K4_INTERMEDIATE_DIRECT mask=177 facets=(0,3,4) basis=monomial result=PASS_EXACT_IDENTITY
SU2_K4_INTERMEDIATE_DIRECT mask=178 facets=(0,1,2) basis=monomial result=PASS_EXACT_IDENTITY
SU2_K4_INTERMEDIATE_DIRECT mask=179 facets=(0,2,4) basis=monomial result=PASS_EXACT_IDENTITY
SU2_K4_INTERMEDIATE_DIRECT mask=180 facets=(0,1,3) basis=monomial result=PASS_EXACT_IDENTITY
SU2_K4_INTERMEDIATE_DIRECT mask=181 facets=(0,1,2) basis=monomial result=PASS_EXACT_IDENTITY
SU2_K4_INTERMEDIATE_DIRECT mask=182 facets=(0,1,2) basis=monomial result=PASS_EXACT_IDENTITY
SU2_K4_INTERMEDIATE_DIRECT mask=183 facets=(0,2,4) basis=monomial result=PASS_EXACT_IDENTITY
SU2_K4_INTERMEDIATE_DIRECT mask=184 facets=(0,1,2) basis=monomial result=PASS_EXACT_IDENTITY
SU2_K4_INTERMEDIATE_DIRECT mask=185 facets=(0,1,2) basis=monomial result=PASS_EXACT_IDENTITY
SU2_K4_INTERMEDIATE_DIRECT mask=186 facets=(0,1,2) basis=monomial result=PASS_EXACT_IDENTITY
SU2_K4_INTERMEDIATE_DIRECT mask=187 facets=(0,2,3) basis=monomial result=PASS_EXACT_IDENTITY
SU2_K4_INTERMEDIATE_DIRECT mask=188 facets=(0,1,3) basis=monomial result=PASS_EXACT_IDENTITY
SU2_K4_INTERMEDIATE_DIRECT mask=189 facets=(0,1,2) basis=monomial result=PASS_EXACT_IDENTITY
SU2_K4_INTERMEDIATE_DIRECT mask=190 facets=(0,2,3) basis=monomial result=PASS_EXACT_IDENTITY
SU2_K4_INTERMEDIATE_DIRECT mask=191 facets=(0,1,2) basis=monomial result=PASS_EXACT_IDENTITY
SU2_K4_INTERMEDIATE_DIRECT mask=192 facets=(0,2,3) basis=monomial result=PASS_EXACT_IDENTITY
SU2_K4_INTERMEDIATE_DIRECT mask=193 facets=(0,1,3) basis=monomial result=PASS_EXACT_IDENTITY
SU2_K4_INTERMEDIATE_DIRECT mask=194 facets=(0,1,3) basis=monomial result=PASS_EXACT_IDENTITY
SU2_K4_INTERMEDIATE_DIRECT mask=195 facets=(0,1,2) basis=monomial result=PASS_EXACT_IDENTITY
SU2_K4_INTERMEDIATE_DIRECT mask=196 facets=(0,2,3) basis=monomial result=PASS_EXACT_IDENTITY
SU2_K4_INTERMEDIATE_DIRECT mask=197 facets=(0,1,3) basis=monomial result=PASS_EXACT_IDENTITY
SU2_K4_INTERMEDIATE_DIRECT mask=198 facets=(0,1,3) basis=monomial result=PASS_EXACT_IDENTITY
SU2_T4_GROUP_BOUNDED position=199 Q_bound=3/1 H_bound=11/2 points=1 result=PASS_EXACT_FINITE
SU2_T4_GROUP target=g0 progress=200/541 certified=200
SU2_T4_GROUP_BOUNDED position=200 Q_bound=3/1 H_bound=11/2 points=1 result=PASS_EXACT_FINITE
SU2_T4_GROUP_BOUNDED position=201 Q_bound=3/1 H_bound=11/2 points=1 result=PASS_EXACT_FINITE
SU2_K4_INTERMEDIATE_DIRECT mask=202 facets=(0,1,4) basis=monomial result=PASS_EXACT_IDENTITY
SU2_K4_INTERMEDIATE_DIRECT mask=203 facets=(0,1,2) basis=monomial result=PASS_EXACT_IDENTITY
SU2_K4_INTERMEDIATE_DIRECT mask=204 facets=(0,1,2) basis=monomial result=PASS_EXACT_IDENTITY
SU2_T4_GROUP_BOUNDED position=205 Q_bound=3/1 H_bound=11/2 points=1 result=PASS_EXACT_FINITE
SU2_K4_INTERMEDIATE_DIRECT mask=206 facets=(0,1,4) basis=monomial result=PASS_EXACT_IDENTITY
SU2_K4_INTERMEDIATE_DIRECT mask=207 facets=(0,1,2) basis=monomial result=PASS_EXACT_IDENTITY
SU2_K4_INTERMEDIATE_DIRECT mask=208 facets=(0,1,2) basis=monomial result=PASS_EXACT_IDENTITY
SU2_K4_INTERMEDIATE_DIRECT mask=209 facets=(0,1,2) basis=monomial result=PASS_EXACT_IDENTITY
SU2_K4_INTERMEDIATE_DIRECT mask=210 facets=(0,3,5) basis=monomial result=PASS_EXACT_IDENTITY
SU2_K4_INTERMEDIATE_DIRECT mask=211 facets=(0,2,4) basis=monomial result=PASS_EXACT_IDENTITY
SU2_K4_INTERMEDIATE_CONSTANT_SUM mask=211 facets=(3,4,5) total=2 pieces=6 result=PASS_EXACT_COMPOSITIONS
SU2_K4_INTERMEDIATE_DIRECT mask=212 facets=(0,3,5) basis=monomial result=PASS_EXACT_IDENTITY
SU2_K4_INTERMEDIATE_DIRECT mask=213 facets=(0,2,4) basis=monomial result=PASS_EXACT_IDENTITY
SU2_K4_INTERMEDIATE_DIRECT mask=214 facets=(0,3,5) basis=monomial result=PASS_EXACT_IDENTITY
SU2_K4_INTERMEDIATE_DIRECT mask=215 facets=(0,1,2) basis=monomial result=PASS_EXACT_IDENTITY
SU2_K4_INTERMEDIATE_DIRECT mask=216 facets=(0,1,2) basis=monomial result=PASS_EXACT_IDENTITY
SU2_K4_INTERMEDIATE_DIRECT mask=217 facets=(0,3,5) basis=monomial result=PASS_EXACT_IDENTITY
SU2_K4_INTERMEDIATE_DIRECT mask=218 facets=(0,1,2) basis=monomial result=PASS_EXACT_IDENTITY
SU2_K4_INTERMEDIATE_DIRECT mask=219 facets=(0,1,2) basis=monomial result=PASS_EXACT_IDENTITY
SU2_K4_INTERMEDIATE_DIRECT mask=220 facets=(0,1,2) basis=monomial result=PASS_EXACT_IDENTITY
SU2_K4_INTERMEDIATE_DIRECT mask=221 facets=(0,1,2) basis=monomial result=PASS_EXACT_IDENTITY
SU2_K4_INTERMEDIATE_DIRECT mask=222 facets=(0,1,2) basis=monomial result=PASS_EXACT_IDENTITY
SU2_K4_INTERMEDIATE_DIRECT mask=223 facets=(0,1,2) basis=monomial result=PASS_EXACT_IDENTITY
SU2_K4_INTERMEDIATE_DIRECT mask=224 facets=(0,1,2) basis=monomial result=PASS_EXACT_IDENTITY
SU2_T4_GROUP target=g0 progress=225/541 certified=225
SU2_K4_INTERMEDIATE_DIRECT mask=225 facets=(0,1,2) basis=monomial result=PASS_EXACT_IDENTITY
SU2_K4_INTERMEDIATE_DIRECT mask=226 facets=(0,2,4) basis=monomial result=PASS_EXACT_IDENTITY
SU2_K4_INTERMEDIATE_DIRECT mask=227 facets=(0,1,2) basis=monomial result=PASS_EXACT_IDENTITY
SU2_K4_INTERMEDIATE_DIRECT mask=228 facets=(0,1,2) basis=monomial result=PASS_EXACT_IDENTITY
SU2_K4_INTERMEDIATE_DIRECT mask=229 facets=(0,1,2) basis=monomial result=PASS_EXACT_IDENTITY
SU2_K4_INTERMEDIATE_DIRECT mask=230 facets=(0,1,2) basis=monomial result=PASS_EXACT_IDENTITY
SU2_K4_INTERMEDIATE_DIRECT mask=231 facets=(0,1,2) basis=monomial result=PASS_EXACT_IDENTITY
SU2_T4_GROUP_BOUNDED position=232 Q_bound=3/1 H_bound=11/2 points=1 result=PASS_EXACT_FINITE
SU2_K4_INTERMEDIATE_DIRECT mask=233 facets=(0,1,2) basis=monomial result=PASS_EXACT_IDENTITY
SU2_K4_INTERMEDIATE_DIRECT mask=234 facets=(0,2,4) basis=monomial result=PASS_EXACT_IDENTITY
SU2_K4_INTERMEDIATE_DIRECT mask=235 facets=(0,1,2) basis=monomial result=PASS_EXACT_IDENTITY
SU2_K4_INTERMEDIATE_DIRECT mask=236 facets=(0,1,3) basis=monomial result=PASS_EXACT_IDENTITY
SU2_K4_INTERMEDIATE_DIRECT mask=237 facets=(0,1,2) basis=monomial result=PASS_EXACT_IDENTITY
SU2_K4_INTERMEDIATE_DIRECT mask=238 facets=(0,1,2) basis=monomial result=PASS_EXACT_IDENTITY
SU2_K4_INTERMEDIATE_DIRECT mask=239 facets=(0,1,2) basis=monomial result=PASS_EXACT_IDENTITY
SU2_K4_INTERMEDIATE_DIRECT mask=240 facets=(0,1,3) basis=monomial result=PASS_EXACT_IDENTITY
SU2_K4_INTERMEDIATE_DIRECT mask=241 facets=(0,1,3) basis=monomial result=PASS_EXACT_IDENTITY
SU2_K4_INTERMEDIATE_DIRECT mask=242 facets=(0,1,2) basis=monomial result=PASS_EXACT_IDENTITY
SU2_K4_INTERMEDIATE_DIRECT mask=243 facets=(0,1,2) basis=monomial result=PASS_EXACT_IDENTITY
SU2_K4_INTERMEDIATE_DIRECT mask=244 facets=(0,1,3) basis=monomial result=PASS_EXACT_IDENTITY
SU2_K4_INTERMEDIATE_DIRECT mask=245 facets=(0,1,3) basis=monomial result=PASS_EXACT_IDENTITY
SU2_K4_INTERMEDIATE_DIRECT mask=246 facets=(0,2,3) basis=monomial result=PASS_EXACT_IDENTITY
SU2_K4_INTERMEDIATE_DIRECT mask=247 facets=(0,1,2) basis=monomial result=PASS_EXACT_IDENTITY
SU2_K4_INTERMEDIATE_DIRECT mask=248 facets=(0,1,3) basis=monomial result=PASS_EXACT_IDENTITY
SU2_K4_INTERMEDIATE_DIRECT mask=249 facets=(0,2,3) basis=monomial result=PASS_EXACT_IDENTITY
SU2_T4_GROUP target=g0 progress=250/541 certified=250
SU2_K4_INTERMEDIATE_DIRECT mask=250 facets=(0,2,4) basis=monomial result=PASS_EXACT_IDENTITY
SU2_K4_INTERMEDIATE_DIRECT mask=251 facets=(0,1,2) basis=monomial result=PASS_EXACT_IDENTITY
SU2_K4_INTERMEDIATE_DIRECT mask=252 facets=(0,1,2) basis=monomial result=PASS_EXACT_IDENTITY
SU2_K4_INTERMEDIATE_DIRECT mask=253 facets=(0,2,3) basis=monomial result=PASS_EXACT_IDENTITY
SU2_K4_INTERMEDIATE_DIRECT mask=254 facets=(0,1,2) basis=monomial result=PASS_EXACT_IDENTITY
SU2_K4_INTERMEDIATE_DIRECT mask=255 facets=(0,1,2) basis=monomial result=PASS_EXACT_IDENTITY
SU2_K4_INTERMEDIATE_DIRECT mask=256 facets=(0,1,4) basis=monomial result=PASS_EXACT_IDENTITY
SU2_K4_INTERMEDIATE_DIRECT mask=257 facets=(0,1,2) basis=monomial result=PASS_EXACT_IDENTITY
SU2_K4_INTERMEDIATE_DIRECT mask=258 facets=(0,1,2) basis=monomial result=PASS_EXACT_IDENTITY
SU2_K4_INTERMEDIATE_DIRECT mask=259 facets=(0,1,3) basis=monomial result=PASS_EXACT_IDENTITY
SU2_K4_INTERMEDIATE_DIRECT mask=260 facets=(0,2,4) basis=monomial result=PASS_EXACT_IDENTITY
SU2_K4_INTERMEDIATE_DIRECT mask=261 facets=(0,1,3) basis=monomial result=PASS_EXACT_IDENTITY
SU2_K4_INTERMEDIATE_DIRECT mask=262 facets=(0,1,3) basis=monomial result=PASS_EXACT_IDENTITY
SU2_K4_INTERMEDIATE_DIRECT mask=263 facets=(0,1,4) basis=monomial result=PASS_EXACT_IDENTITY
SU2_K4_INTERMEDIATE_DIRECT mask=264 facets=(0,2,4) basis=monomial result=PASS_EXACT_IDENTITY
SU2_K4_INTERMEDIATE_DIRECT mask=265 facets=(0,2,3) basis=monomial result=PASS_EXACT_IDENTITY
SU2_K4_INTERMEDIATE_DIRECT mask=266 facets=(0,1,2) basis=monomial result=PASS_EXACT_IDENTITY
SU2_K4_INTERMEDIATE_DIRECT mask=267 facets=(0,1,2) basis=monomial result=PASS_EXACT_IDENTITY
SU2_K4_INTERMEDIATE_DIRECT mask=268 facets=(0,1,2) basis=monomial result=PASS_EXACT_IDENTITY
SU2_K4_INTERMEDIATE_DIRECT mask=269 facets=(0,1,2) basis=monomial result=PASS_EXACT_IDENTITY
SU2_K4_INTERMEDIATE_DIRECT mask=270 facets=(0,2,4) basis=monomial result=PASS_EXACT_IDENTITY
SU2_K4_INTERMEDIATE_DIRECT mask=271 facets=(0,1,3) basis=monomial result=PASS_EXACT_IDENTITY
SU2_K4_INTERMEDIATE_DIRECT mask=272 facets=(0,1,2) basis=monomial result=PASS_EXACT_IDENTITY
SU2_K4_INTERMEDIATE_DIRECT mask=273 facets=(0,2,4) basis=monomial result=PASS_EXACT_IDENTITY
SU2_K4_INTERMEDIATE_DIRECT mask=274 facets=(0,2,3) basis=monomial result=PASS_EXACT_IDENTITY
SU2_T4_GROUP target=g0 progress=275/541 certified=275
SU2_K4_INTERMEDIATE_DIRECT mask=275 facets=(0,2,3) basis=monomial result=PASS_EXACT_IDENTITY
SU2_K4_INTERMEDIATE_DIRECT mask=276 facets=(0,1,2) basis=monomial result=PASS_EXACT_IDENTITY
SU2_K4_INTERMEDIATE_DIRECT mask=277 facets=(0,1,2) basis=monomial result=PASS_EXACT_IDENTITY
SU2_K4_INTERMEDIATE_DIRECT mask=278 facets=(0,1,3) basis=monomial result=PASS_EXACT_IDENTITY
SU2_K4_INTERMEDIATE_DIRECT mask=279 facets=(0,3,4) basis=monomial result=PASS_EXACT_IDENTITY
SU2_K4_INTERMEDIATE_DIRECT mask=280 facets=(0,1,3) basis=monomial result=PASS_EXACT_IDENTITY
SU2_K4_INTERMEDIATE_DIRECT mask=281 facets=(0,2,3) basis=monomial result=PASS_EXACT_IDENTITY
SU2_K4_INTERMEDIATE_DIRECT mask=282 facets=(0,1,3) basis=monomial result=PASS_EXACT_IDENTITY
SU2_K4_INTERMEDIATE_DIRECT mask=283 facets=(0,2,3) basis=monomial result=PASS_EXACT_IDENTITY
SU2_K4_INTERMEDIATE_DIRECT mask=284 facets=(0,2,3) basis=monomial result=PASS_EXACT_IDENTITY
SU2_K4_INTERMEDIATE_DIRECT mask=285 facets=(0,1,3) basis=monomial result=PASS_EXACT_IDENTITY
SU2_K4_INTERMEDIATE_DIRECT mask=286 facets=(0,1,2) basis=monomial result=PASS_EXACT_IDENTITY
SU2_K4_INTERMEDIATE_DIRECT mask=287 facets=(0,1,3) basis=monomial result=PASS_EXACT_IDENTITY
SU2_K4_INTERMEDIATE_DIRECT mask=288 facets=(0,1,3) basis=monomial result=PASS_EXACT_IDENTITY
SU2_K4_INTERMEDIATE_DIRECT mask=289 facets=(0,1,2) basis=monomial result=PASS_EXACT_IDENTITY
SU2_K4_INTERMEDIATE_DIRECT mask=290 facets=(0,2,3) basis=monomial result=PASS_EXACT_IDENTITY
SU2_K4_INTERMEDIATE_DIRECT mask=291 facets=(0,1,3) basis=monomial result=PASS_EXACT_IDENTITY
SU2_K4_INTERMEDIATE_DIRECT mask=292 facets=(0,2,3) basis=monomial result=PASS_EXACT_IDENTITY
SU2_K4_INTERMEDIATE_DIRECT mask=293 facets=(0,1,2) basis=monomial result=PASS_EXACT_IDENTITY
SU2_K4_INTERMEDIATE_DIRECT mask=294 facets=(0,2,3) basis=monomial result=PASS_EXACT_IDENTITY
SU2_K4_INTERMEDIATE_DIRECT mask=295 facets=(0,2,3) basis=monomial result=PASS_EXACT_IDENTITY
SU2_K4_INTERMEDIATE_DIRECT mask=296 facets=(0,2,3) basis=monomial result=PASS_EXACT_IDENTITY
SU2_K4_INTERMEDIATE_DIRECT mask=297 facets=(0,1,3) basis=monomial result=PASS_EXACT_IDENTITY
SU2_K4_INTERMEDIATE_DIRECT mask=298 facets=(0,1,2) basis=monomial result=PASS_EXACT_IDENTITY
SU2_K4_INTERMEDIATE_DIRECT mask=299 facets=(0,1,2) basis=monomial result=PASS_EXACT_IDENTITY
SU2_T4_GROUP target=g0 progress=300/541 certified=300
SU2_K4_INTERMEDIATE_DIRECT mask=300 facets=(0,1,2) basis=monomial result=PASS_EXACT_IDENTITY
SU2_K4_INTERMEDIATE_DIRECT mask=301 facets=(0,1,2) basis=monomial result=PASS_EXACT_IDENTITY
SU2_K4_INTERMEDIATE_DIRECT mask=302 facets=(0,1,3) basis=monomial result=PASS_EXACT_IDENTITY
SU2_K4_INTERMEDIATE_DIRECT mask=303 facets=(0,1,3) basis=monomial result=PASS_EXACT_IDENTITY
SU2_K4_INTERMEDIATE_DIRECT mask=304 facets=(0,1,3) basis=monomial result=PASS_EXACT_IDENTITY
SU2_K4_INTERMEDIATE_DIRECT mask=305 facets=(0,1,3) basis=monomial result=PASS_EXACT_IDENTITY
SU2_K4_INTERMEDIATE_DIRECT mask=306 facets=(0,2,3) basis=monomial result=PASS_EXACT_IDENTITY
SU2_K4_INTERMEDIATE_DIRECT mask=307 facets=(0,2,3) basis=monomial result=PASS_EXACT_IDENTITY
SU2_K4_INTERMEDIATE_DIRECT mask=308 facets=(0,1,3) basis=monomial result=PASS_EXACT_IDENTITY
SU2_K4_INTERMEDIATE_DIRECT mask=309 facets=(0,2,3) basis=monomial result=PASS_EXACT_IDENTITY
SU2_K4_INTERMEDIATE_DIRECT mask=310 facets=(0,2,3) basis=monomial result=PASS_EXACT_IDENTITY
SU2_K4_INTERMEDIATE_DIRECT mask=311 facets=(0,1,2) basis=monomial result=PASS_EXACT_IDENTITY
SU2_K4_INTERMEDIATE_DIRECT mask=312 facets=(0,1,2) basis=monomial result=PASS_EXACT_IDENTITY
SU2_K4_INTERMEDIATE_DIRECT mask=313 facets=(0,1,2) basis=monomial result=PASS_EXACT_IDENTITY
SU2_K4_INTERMEDIATE_DIRECT mask=314 facets=(0,1,2) basis=monomial result=PASS_EXACT_IDENTITY
SU2_K4_INTERMEDIATE_DIRECT mask=315 facets=(0,2,3) basis=monomial result=PASS_EXACT_IDENTITY
SU2_K4_INTERMEDIATE_DIRECT mask=316 facets=(0,1,2) basis=monomial result=PASS_EXACT_IDENTITY
SU2_K4_INTERMEDIATE_DIRECT mask=317 facets=(0,1,3) basis=monomial result=PASS_EXACT_IDENTITY
SU2_T4_GROUP_BOUNDED position=318 Q_bound=3/1 H_bound=5/2 points=1 result=PASS_EXACT_FINITE
SU2_T4_GROUP_BOUNDED position=319 Q_bound=3/1 H_bound=5/2 points=1 result=PASS_EXACT_FINITE
SU2_K4_INTERMEDIATE_DIRECT mask=320 facets=(0,1,3) basis=monomial result=PASS_EXACT_IDENTITY
SU2_K4_INTERMEDIATE_DIRECT mask=321 facets=(0,1,3) basis=monomial result=PASS_EXACT_IDENTITY
SU2_K4_INTERMEDIATE_DIRECT mask=322 facets=(0,1,2) basis=monomial result=PASS_EXACT_IDENTITY
SU2_T4_GROUP_BOUNDED position=323 Q_bound=3/1 H_bound=5/2 points=1 result=PASS_EXACT_FINITE
SU2_K4_INTERMEDIATE_DIRECT mask=324 facets=(0,1,2) basis=monomial result=PASS_EXACT_IDENTITY
SU2_T4_GROUP target=g0 progress=325/541 certified=325
SU2_K4_INTERMEDIATE_DIRECT mask=325 facets=(0,2,3) basis=monomial result=PASS_EXACT_IDENTITY
SU2_K4_INTERMEDIATE_DIRECT mask=326 facets=(0,1,2) basis=monomial result=PASS_EXACT_IDENTITY
SU2_K4_INTERMEDIATE_DIRECT mask=327 facets=(0,2,3) basis=monomial result=PASS_EXACT_IDENTITY
SU2_K4_INTERMEDIATE_DIRECT mask=328 facets=(0,1,3) basis=monomial result=PASS_EXACT_IDENTITY
SU2_K4_INTERMEDIATE_DIRECT mask=329 facets=(0,1,2) basis=monomial result=PASS_EXACT_IDENTITY
SU2_K4_INTERMEDIATE_DIRECT mask=330 facets=(0,1,2) basis=monomial result=PASS_EXACT_IDENTITY
SU2_K4_INTERMEDIATE_DIRECT mask=331 facets=(0,1,2) basis=monomial result=PASS_EXACT_IDENTITY
SU2_K4_INTERMEDIATE_DIRECT mask=332 facets=(0,2,3) basis=monomial result=PASS_EXACT_IDENTITY
SU2_K4_INTERMEDIATE_DIRECT mask=333 facets=(0,1,2) basis=monomial result=PASS_EXACT_IDENTITY
SU2_K4_INTERMEDIATE_DIRECT mask=334 facets=(0,1,2) basis=monomial result=PASS_EXACT_IDENTITY
SU2_K4_INTERMEDIATE_DIRECT mask=335 facets=(0,1,2) basis=monomial result=PASS_EXACT_IDENTITY
SU2_K4_INTERMEDIATE_DIRECT mask=336 facets=(0,1,2) basis=monomial result=PASS_EXACT_IDENTITY
SU2_K4_INTERMEDIATE_DIRECT mask=337 facets=(0,1,2) basis=monomial result=PASS_EXACT_IDENTITY
SU2_K4_INTERMEDIATE_DIRECT mask=338 facets=(0,1,2) basis=monomial result=PASS_EXACT_IDENTITY
SU2_K4_INTERMEDIATE_DIRECT mask=339 facets=(0,1,2) basis=monomial result=PASS_EXACT_IDENTITY
SU2_K4_INTERMEDIATE_DIRECT mask=340 facets=(0,1,4) basis=monomial result=PASS_EXACT_IDENTITY
SU2_K4_INTERMEDIATE_DIRECT mask=341 facets=(0,1,2) basis=monomial result=PASS_EXACT_IDENTITY
SU2_K4_INTERMEDIATE_DIRECT mask=342 facets=(0,1,4) basis=monomial result=PASS_EXACT_IDENTITY
SU2_K4_INTERMEDIATE_DIRECT mask=343 facets=(0,1,3) basis=monomial result=PASS_EXACT_IDENTITY
SU2_K4_INTERMEDIATE_DIRECT mask=344 facets=(0,1,4) basis=monomial result=PASS_EXACT_IDENTITY
SU2_K4_INTERMEDIATE_DIRECT mask=345 facets=(0,1,2) basis=monomial result=PASS_EXACT_IDENTITY
SU2_K4_INTERMEDIATE_DIRECT mask=346 facets=(0,1,2) basis=monomial result=PASS_EXACT_IDENTITY
SU2_K4_INTERMEDIATE_DIRECT mask=347 facets=(0,1,2) basis=monomial result=PASS_EXACT_IDENTITY
SU2_K4_INTERMEDIATE_DIRECT mask=348 facets=(0,1,2) basis=monomial result=PASS_EXACT_IDENTITY
SU2_K4_INTERMEDIATE_DIRECT mask=349 facets=(0,1,3) basis=monomial result=PASS_EXACT_IDENTITY
SU2_T4_GROUP target=g0 progress=350/541 certified=350
SU2_K4_INTERMEDIATE_DIRECT mask=350 facets=(0,1,2) basis=monomial result=PASS_EXACT_IDENTITY
SU2_K4_INTERMEDIATE_DIRECT mask=351 facets=(0,2,4) basis=monomial result=PASS_EXACT_IDENTITY
SU2_K4_INTERMEDIATE_DIRECT mask=352 facets=(0,1,2) basis=monomial result=PASS_EXACT_IDENTITY
SU2_K4_INTERMEDIATE_DIRECT mask=353 facets=(0,1,2) basis=monomial result=PASS_EXACT_IDENTITY
SU2_K4_INTERMEDIATE_DIRECT mask=354 facets=(0,1,2) basis=monomial result=PASS_EXACT_IDENTITY
SU2_K4_INTERMEDIATE_DIRECT mask=355 facets=(0,2,3) basis=monomial result=PASS_EXACT_IDENTITY
SU2_K4_INTERMEDIATE_DIRECT mask=356 facets=(0,1,2) basis=monomial result=PASS_EXACT_IDENTITY
SU2_K4_INTERMEDIATE_DIRECT mask=357 facets=(0,1,2) basis=monomial result=PASS_EXACT_IDENTITY
SU2_K4_INTERMEDIATE_DIRECT mask=358 facets=(0,2,3) basis=monomial result=PASS_EXACT_IDENTITY
SU2_K4_INTERMEDIATE_DIRECT mask=359 facets=(0,1,2) basis=monomial result=PASS_EXACT_IDENTITY
SU2_K4_INTERMEDIATE_DIRECT mask=360 facets=(0,1,2) basis=monomial result=PASS_EXACT_IDENTITY
SU2_K4_INTERMEDIATE_DIRECT mask=361 facets=(0,1,2) basis=monomial result=PASS_EXACT_IDENTITY
SU2_K4_INTERMEDIATE_DIRECT mask=362 facets=(0,1,3) basis=monomial result=PASS_EXACT_IDENTITY
SU2_K4_INTERMEDIATE_DIRECT mask=363 facets=(0,2,3) basis=monomial result=PASS_EXACT_IDENTITY
SU2_K4_INTERMEDIATE_DIRECT mask=364 facets=(0,1,2) basis=monomial result=PASS_EXACT_IDENTITY
SU2_K4_INTERMEDIATE_DIRECT mask=365 facets=(0,1,2) basis=monomial result=PASS_EXACT_IDENTITY
SU2_K4_INTERMEDIATE_DIRECT mask=366 facets=(0,1,2) basis=monomial result=PASS_EXACT_IDENTITY
SU2_K4_INTERMEDIATE_DIRECT mask=367 facets=(0,1,2) basis=monomial result=PASS_EXACT_IDENTITY
SU2_K4_INTERMEDIATE_DIRECT mask=368 facets=(0,1,3) basis=monomial result=PASS_EXACT_IDENTITY
SU2_K4_INTERMEDIATE_DIRECT mask=369 facets=(0,1,2) basis=monomial result=PASS_EXACT_IDENTITY
SU2_K4_INTERMEDIATE_DIRECT mask=370 facets=(0,1,2) basis=monomial result=PASS_EXACT_IDENTITY
SU2_K4_INTERMEDIATE_DIRECT mask=371 facets=(0,1,3) basis=monomial result=PASS_EXACT_IDENTITY
SU2_K4_INTERMEDIATE_DIRECT mask=372 facets=(0,2,4) basis=monomial result=PASS_EXACT_IDENTITY
SU2_K4_INTERMEDIATE_DIRECT mask=373 facets=(0,2,4) basis=monomial result=PASS_EXACT_IDENTITY
SU2_K4_INTERMEDIATE_DIRECT mask=374 facets=(0,1,3) basis=monomial result=PASS_EXACT_IDENTITY
SU2_T4_GROUP target=g0 progress=375/541 certified=375
SU2_K4_INTERMEDIATE_DIRECT mask=375 facets=(0,1,3) basis=monomial result=PASS_EXACT_IDENTITY
SU2_K4_INTERMEDIATE_DIRECT mask=376 facets=(0,1,2) basis=monomial result=PASS_EXACT_IDENTITY
SU2_K4_INTERMEDIATE_DIRECT mask=377 facets=(0,2,3) basis=monomial result=PASS_EXACT_IDENTITY
SU2_K4_INTERMEDIATE_DIRECT mask=378 facets=(0,1,2) basis=monomial result=PASS_EXACT_IDENTITY
SU2_K4_INTERMEDIATE_DIRECT mask=379 facets=(0,1,2) basis=monomial result=PASS_EXACT_IDENTITY
SU2_K4_INTERMEDIATE_DIRECT mask=380 facets=(0,1,3) basis=monomial result=PASS_EXACT_IDENTITY
SU2_K4_INTERMEDIATE_DIRECT mask=380 facets=(0,2,3) basis=monomial result=PASS_EXACT_IDENTITY
SU2_K4_INTERMEDIATE_DOUBLE_SUM mask=380 pairs=(0,2;3,4) minima=(1,1) pieces=4 result=PASS_EXACT_PRODUCT_PARTITION
SU2_K4_INTERMEDIATE_DIRECT mask=381 facets=(0,2,3) basis=monomial result=PASS_EXACT_IDENTITY
SU2_K4_INTERMEDIATE_DIRECT mask=382 facets=(0,1,2) basis=monomial result=PASS_EXACT_IDENTITY
SU2_K4_INTERMEDIATE_DIRECT mask=383 facets=(0,1,2) basis=monomial result=PASS_EXACT_IDENTITY
SU2_K4_INTERMEDIATE_DIRECT mask=384 facets=(0,1,2) basis=monomial result=PASS_EXACT_IDENTITY
SU2_K4_INTERMEDIATE_DIRECT mask=385 facets=(0,1,2) basis=monomial result=PASS_EXACT_IDENTITY
SU2_K4_INTERMEDIATE_DIRECT mask=386 facets=(0,1,2) basis=monomial result=PASS_EXACT_IDENTITY
SU2_K4_INTERMEDIATE_DIRECT mask=387 facets=(0,1,3) basis=monomial result=PASS_EXACT_IDENTITY
SU2_K4_INTERMEDIATE_DIRECT mask=388 facets=(0,1,3) basis=monomial result=PASS_EXACT_IDENTITY
SU2_K4_INTERMEDIATE_DIRECT mask=389 facets=(0,1,2) basis=monomial result=PASS_EXACT_IDENTITY
SU2_K4_INTERMEDIATE_DIRECT mask=390 facets=(0,2,4) basis=monomial result=PASS_EXACT_IDENTITY
SU2_K4_INTERMEDIATE_DIRECT mask=391 facets=(0,2,3) basis=monomial result=PASS_EXACT_IDENTITY
SU2_K4_INTERMEDIATE_DIRECT mask=392 facets=(0,2,3) basis=monomial result=PASS_EXACT_IDENTITY
SU2_K4_INTERMEDIATE_DIRECT mask=393 facets=(0,1,2) basis=monomial result=PASS_EXACT_IDENTITY
SU2_K4_INTERMEDIATE_DIRECT mask=394 facets=(0,1,3) basis=monomial result=PASS_EXACT_IDENTITY
SU2_K4_INTERMEDIATE_DIRECT mask=395 facets=(0,1,3) basis=monomial result=PASS_EXACT_IDENTITY
SU2_K4_INTERMEDIATE_DIRECT mask=396 facets=(0,2,3) basis=monomial result=PASS_EXACT_IDENTITY
SU2_K4_INTERMEDIATE_DIRECT mask=397 facets=(0,1,3) basis=monomial result=PASS_EXACT_IDENTITY
SU2_K4_INTERMEDIATE_DIRECT mask=398 facets=(0,1,2) basis=monomial result=PASS_EXACT_IDENTITY
SU2_K4_INTERMEDIATE_DIRECT mask=399 facets=(0,1,3) basis=monomial result=PASS_EXACT_IDENTITY
SU2_T4_GROUP target=g0 progress=400/541 certified=400
SU2_K4_INTERMEDIATE_DIRECT mask=400 facets=(0,2,4) basis=monomial result=PASS_EXACT_IDENTITY
SU2_K4_INTERMEDIATE_DIRECT mask=401 facets=(0,1,3) basis=monomial result=PASS_EXACT_IDENTITY
SU2_K4_INTERMEDIATE_DIRECT mask=402 facets=(0,1,2) basis=monomial result=PASS_EXACT_IDENTITY
SU2_K4_INTERMEDIATE_DIRECT mask=403 facets=(0,1,3) basis=monomial result=PASS_EXACT_IDENTITY
SU2_K4_INTERMEDIATE_DIRECT mask=404 facets=(0,2,4) basis=monomial result=PASS_EXACT_IDENTITY
SU2_K4_INTERMEDIATE_DIRECT mask=405 facets=(0,1,2) basis=monomial result=PASS_EXACT_IDENTITY
SU2_K4_INTERMEDIATE_DIRECT mask=406 facets=(0,2,4) basis=monomial result=PASS_EXACT_IDENTITY
SU2_K4_INTERMEDIATE_DIRECT mask=407 facets=(0,1,3) basis=monomial result=PASS_EXACT_IDENTITY
SU2_K4_INTERMEDIATE_DIRECT mask=408 facets=(0,1,2) basis=monomial result=PASS_EXACT_IDENTITY
SU2_K4_INTERMEDIATE_DIRECT mask=409 facets=(0,2,3) basis=monomial result=PASS_EXACT_IDENTITY
SU2_K4_INTERMEDIATE_DIRECT mask=410 facets=(0,2,3) basis=monomial result=PASS_EXACT_IDENTITY
SU2_K4_INTERMEDIATE_DIRECT mask=411 facets=(0,1,2) basis=monomial result=PASS_EXACT_IDENTITY
SU2_K4_INTERMEDIATE_DIRECT mask=412 facets=(0,1,2) basis=monomial result=PASS_EXACT_IDENTITY
SU2_K4_INTERMEDIATE_DIRECT mask=413 facets=(0,1,2) basis=monomial result=PASS_EXACT_IDENTITY
SU2_K4_INTERMEDIATE_DIRECT mask=414 facets=(0,1,2) basis=monomial result=PASS_EXACT_IDENTITY
SU2_K4_INTERMEDIATE_DIRECT mask=415 facets=(0,2,3) basis=monomial result=PASS_EXACT_IDENTITY
SU2_K4_INTERMEDIATE_DIRECT mask=416 facets=(0,1,2) basis=monomial result=PASS_EXACT_IDENTITY
SU2_K4_INTERMEDIATE_DIRECT mask=417 facets=(0,1,2) basis=monomial result=PASS_EXACT_IDENTITY
SU2_K4_INTERMEDIATE_DIRECT mask=418 facets=(0,1,3) basis=monomial result=PASS_EXACT_IDENTITY
SU2_K4_INTERMEDIATE_DIRECT mask=419 facets=(0,1,3) basis=monomial result=PASS_EXACT_IDENTITY
SU2_K4_INTERMEDIATE_DIRECT mask=420 facets=(0,1,4) basis=monomial result=PASS_EXACT_IDENTITY
SU2_K4_INTERMEDIATE_DIRECT mask=421 facets=(0,1,2) basis=monomial result=PASS_EXACT_IDENTITY
SU2_K4_INTERMEDIATE_DIRECT mask=422 facets=(0,2,3) basis=monomial result=PASS_EXACT_IDENTITY
SU2_K4_INTERMEDIATE_DIRECT mask=423 facets=(0,2,3) basis=monomial result=PASS_EXACT_IDENTITY
SU2_K4_INTERMEDIATE_DIRECT mask=424 facets=(0,1,3) basis=monomial result=PASS_EXACT_IDENTITY
SU2_T4_GROUP target=g0 progress=425/541 certified=425
SU2_K4_INTERMEDIATE_DIRECT mask=425 facets=(0,1,4) basis=monomial result=PASS_EXACT_IDENTITY
SU2_K4_INTERMEDIATE_DIRECT mask=426 facets=(0,1,3) basis=monomial result=PASS_EXACT_IDENTITY
SU2_K4_INTERMEDIATE_DIRECT mask=427 facets=(0,1,2) basis=monomial result=PASS_EXACT_IDENTITY
SU2_K4_INTERMEDIATE_DIRECT mask=428 facets=(0,1,2) basis=monomial result=PASS_EXACT_IDENTITY
SU2_K4_INTERMEDIATE_DIRECT mask=429 facets=(0,1,2) basis=monomial result=PASS_EXACT_IDENTITY
SU2_K4_INTERMEDIATE_DIRECT mask=430 facets=(0,2,3) basis=monomial result=PASS_EXACT_IDENTITY
SU2_K4_INTERMEDIATE_DIRECT mask=431 facets=(0,2,3) basis=monomial result=PASS_EXACT_IDENTITY
SU2_K4_INTERMEDIATE_DIRECT mask=432 facets=(0,2,3) basis=monomial result=PASS_EXACT_IDENTITY
SU2_K4_INTERMEDIATE_DIRECT mask=433 facets=(0,1,3) basis=monomial result=PASS_EXACT_IDENTITY
SU2_K4_INTERMEDIATE_DIRECT mask=434 facets=(0,1,2) basis=monomial result=PASS_EXACT_IDENTITY
SU2_K4_INTERMEDIATE_DIRECT mask=435 facets=(0,1,2) basis=monomial result=PASS_EXACT_IDENTITY
SU2_K4_INTERMEDIATE_DIRECT mask=436 facets=(0,1,2) basis=monomial result=PASS_EXACT_IDENTITY
SU2_K4_INTERMEDIATE_DIRECT mask=437 facets=(0,2,3) basis=monomial result=PASS_EXACT_IDENTITY
SU2_K4_INTERMEDIATE_DIRECT mask=438 facets=(0,1,2) basis=monomial result=PASS_EXACT_IDENTITY
SU2_K4_INTERMEDIATE_DIRECT mask=439 facets=(0,2,3) basis=monomial result=PASS_EXACT_IDENTITY
SU2_K4_INTERMEDIATE_DIRECT mask=440 facets=(0,1,2) basis=monomial result=PASS_EXACT_IDENTITY
SU2_K4_INTERMEDIATE_DIRECT mask=441 facets=(0,1,2) basis=monomial result=PASS_EXACT_IDENTITY
SU2_K4_INTERMEDIATE_DIRECT mask=442 facets=(0,1,3) basis=monomial result=PASS_EXACT_IDENTITY
SU2_K4_INTERMEDIATE_DIRECT mask=443 facets=(0,2,4) basis=monomial result=PASS_EXACT_IDENTITY
SU2_K4_INTERMEDIATE_DIRECT mask=444 facets=(0,2,4) basis=monomial result=PASS_EXACT_IDENTITY
SU2_K4_INTERMEDIATE_DIRECT mask=445 facets=(0,1,3) basis=monomial result=PASS_EXACT_IDENTITY
SU2_K4_INTERMEDIATE_DIRECT mask=446 facets=(0,1,3) basis=monomial result=PASS_EXACT_IDENTITY
SU2_K4_INTERMEDIATE_DIRECT mask=447 facets=(0,2,4) basis=monomial result=PASS_EXACT_IDENTITY
SU2_K4_INTERMEDIATE_DIRECT mask=448 facets=(0,1,2) basis=monomial result=PASS_EXACT_IDENTITY
SU2_K4_INTERMEDIATE_DIRECT mask=449 facets=(0,1,3) basis=monomial result=PASS_EXACT_IDENTITY
SU2_T4_GROUP target=g0 progress=450/541 certified=450
SU2_K4_INTERMEDIATE_DIRECT mask=450 facets=(0,1,3) basis=monomial result=PASS_EXACT_IDENTITY
SU2_K4_INTERMEDIATE_DIRECT mask=451 facets=(0,1,2) basis=monomial result=PASS_EXACT_IDENTITY
SU2_K4_INTERMEDIATE_DIRECT mask=452 facets=(0,1,3) basis=monomial result=PASS_EXACT_IDENTITY
SU2_K4_INTERMEDIATE_DIRECT mask=453 facets=(0,1,2) basis=monomial result=PASS_EXACT_IDENTITY
SU2_K4_INTERMEDIATE_DIRECT mask=454 facets=(0,1,3) basis=monomial result=PASS_EXACT_IDENTITY
SU2_K4_INTERMEDIATE_DIRECT mask=455 facets=(0,1,3) basis=monomial result=PASS_EXACT_IDENTITY
SU2_K4_INTERMEDIATE_DIRECT mask=456 facets=(0,1,2) basis=monomial result=PASS_EXACT_IDENTITY
SU2_K4_INTERMEDIATE_DIRECT mask=457 facets=(0,1,2) basis=monomial result=PASS_EXACT_IDENTITY
SU2_K4_INTERMEDIATE_DIRECT mask=458 facets=(0,2,3) basis=monomial result=PASS_EXACT_IDENTITY
SU2_K4_INTERMEDIATE_DIRECT mask=459 facets=(0,1,2) basis=monomial result=PASS_EXACT_IDENTITY
SU2_K4_INTERMEDIATE_DIRECT mask=460 facets=(0,2,3) basis=monomial result=PASS_EXACT_IDENTITY
SU2_K4_INTERMEDIATE_DIRECT mask=461 facets=(0,1,2) basis=monomial result=PASS_EXACT_IDENTITY
SU2_K4_INTERMEDIATE_DIRECT mask=462 facets=(0,1,2) basis=monomial result=PASS_EXACT_IDENTITY
SU2_K4_INTERMEDIATE_DIRECT mask=463 facets=(0,1,2) basis=monomial result=PASS_EXACT_IDENTITY
SU2_K4_INTERMEDIATE_DIRECT mask=464 facets=(0,1,2) basis=monomial result=PASS_EXACT_IDENTITY
SU2_K4_INTERMEDIATE_DIRECT mask=465 facets=(0,2,4) basis=monomial result=PASS_EXACT_IDENTITY
SU2_K4_INTERMEDIATE_DIRECT mask=466 facets=(0,1,3) basis=monomial result=PASS_EXACT_IDENTITY
SU2_K4_INTERMEDIATE_DIRECT mask=467 facets=(0,2,4) basis=monomial result=PASS_EXACT_IDENTITY
SU2_K4_INTERMEDIATE_DIRECT mask=468 facets=(0,1,2) basis=monomial result=PASS_EXACT_IDENTITY
SU2_K4_INTERMEDIATE_DIRECT mask=469 facets=(0,2,4) basis=monomial result=PASS_EXACT_IDENTITY
SU2_K4_INTERMEDIATE_DIRECT mask=470 facets=(0,1,3) basis=monomial result=PASS_EXACT_IDENTITY
SU2_K4_INTERMEDIATE_DIRECT mask=471 facets=(0,1,3) basis=monomial result=PASS_EXACT_IDENTITY
SU2_K4_INTERMEDIATE_DIRECT mask=472 facets=(0,1,2) basis=monomial result=PASS_EXACT_IDENTITY
SU2_K4_INTERMEDIATE_DIRECT mask=473 facets=(0,1,3) basis=monomial result=PASS_EXACT_IDENTITY
SU2_K4_INTERMEDIATE_DIRECT mask=474 facets=(0,2,4) basis=monomial result=PASS_EXACT_IDENTITY
SU2_T4_GROUP target=g0 progress=475/541 certified=475
SU2_K4_INTERMEDIATE_DIRECT mask=475 facets=(0,1,3) basis=monomial result=PASS_EXACT_IDENTITY
SU2_K4_INTERMEDIATE_DIRECT mask=475 facets=(0,1,3) basis=monomial result=PASS_EXACT_IDENTITY
SU2_K4_INTERMEDIATE_DOUBLE_SUM mask=475 pairs=(0,1;2,3) minima=(1,1) pieces=4 result=PASS_EXACT_PRODUCT_PARTITION
SU2_K4_INTERMEDIATE_DIRECT mask=476 facets=(0,1,3) basis=monomial result=PASS_EXACT_IDENTITY
SU2_K4_INTERMEDIATE_DIRECT mask=477 facets=(0,1,2) basis=monomial result=PASS_EXACT_IDENTITY
SU2_K4_INTERMEDIATE_DIRECT mask=478 facets=(0,2,3) basis=monomial result=PASS_EXACT_IDENTITY
SU2_K4_INTERMEDIATE_DIRECT mask=479 facets=(0,1,3) basis=monomial result=PASS_EXACT_IDENTITY
SU2_K4_INTERMEDIATE_DIRECT mask=480 facets=(0,1,2) basis=monomial result=PASS_EXACT_IDENTITY
SU2_K4_INTERMEDIATE_DIRECT mask=481 facets=(0,2,3) basis=monomial result=PASS_EXACT_IDENTITY
SU2_K4_INTERMEDIATE_DIRECT mask=482 facets=(0,2,3) basis=monomial result=PASS_EXACT_IDENTITY
SU2_K4_INTERMEDIATE_DIRECT mask=483 facets=(0,1,3) basis=monomial result=PASS_EXACT_IDENTITY
SU2_K4_INTERMEDIATE_DIRECT mask=484 facets=(0,1,3) basis=monomial result=PASS_EXACT_IDENTITY
SU2_K4_INTERMEDIATE_DIRECT mask=485 facets=(0,1,2) basis=monomial result=PASS_EXACT_IDENTITY
SU2_K4_INTERMEDIATE_DIRECT mask=486 facets=(0,2,3) basis=monomial result=PASS_EXACT_IDENTITY
SU2_K4_INTERMEDIATE_DIRECT mask=487 facets=(0,2,3) basis=monomial result=PASS_EXACT_IDENTITY
SU2_K4_INTERMEDIATE_DIRECT mask=488 facets=(0,1,2) basis=monomial result=PASS_EXACT_IDENTITY
SU2_K4_INTERMEDIATE_DIRECT mask=489 facets=(0,1,2) basis=monomial result=PASS_EXACT_IDENTITY
SU2_K4_INTERMEDIATE_DIRECT mask=490 facets=(0,1,3) basis=monomial result=PASS_EXACT_IDENTITY
SU2_K4_INTERMEDIATE_DIRECT mask=491 facets=(0,1,2) basis=monomial result=PASS_EXACT_IDENTITY
SU2_K4_INTERMEDIATE_DIRECT mask=492 facets=(0,2,3) basis=monomial result=PASS_EXACT_IDENTITY
SU2_K4_INTERMEDIATE_DIRECT mask=493 facets=(0,1,3) basis=monomial result=PASS_EXACT_IDENTITY
SU2_K4_INTERMEDIATE_DIRECT mask=494 facets=(0,1,2) basis=monomial result=PASS_EXACT_IDENTITY
SU2_K4_INTERMEDIATE_DIRECT mask=495 facets=(0,1,2) basis=monomial result=PASS_EXACT_IDENTITY
SU2_K4_INTERMEDIATE_DIRECT mask=496 facets=(0,2,3) basis=monomial result=PASS_EXACT_IDENTITY
SU2_K4_INTERMEDIATE_DIRECT mask=497 facets=(0,2,3) basis=monomial result=PASS_EXACT_IDENTITY
SU2_K4_INTERMEDIATE_DIRECT mask=498 facets=(0,2,3) basis=monomial result=PASS_EXACT_IDENTITY
SU2_K4_INTERMEDIATE_DIRECT mask=499 facets=(0,1,2) basis=monomial result=PASS_EXACT_IDENTITY
SU2_T4_GROUP target=g0 progress=500/541 certified=500
SU2_K4_INTERMEDIATE_DIRECT mask=500 facets=(0,1,2) basis=monomial result=PASS_EXACT_IDENTITY
SU2_K4_INTERMEDIATE_DIRECT mask=501 facets=(0,1,2) basis=monomial result=PASS_EXACT_IDENTITY
SU2_K4_INTERMEDIATE_DIRECT mask=502 facets=(0,2,3) basis=monomial result=PASS_EXACT_IDENTITY
SU2_K4_INTERMEDIATE_DIRECT mask=503 facets=(0,1,3) basis=monomial result=PASS_EXACT_IDENTITY
SU2_K4_INTERMEDIATE_DIRECT mask=504 facets=(0,1,2) basis=monomial result=PASS_EXACT_IDENTITY
SU2_K4_INTERMEDIATE_DIRECT mask=505 facets=(0,2,3) basis=monomial result=PASS_EXACT_IDENTITY
SU2_K4_INTERMEDIATE_DIRECT mask=506 facets=(0,1,2) basis=monomial result=PASS_EXACT_IDENTITY
SU2_K4_INTERMEDIATE_DIRECT mask=507 facets=(0,1,2) basis=monomial result=PASS_EXACT_IDENTITY
SU2_K4_INTERMEDIATE_DIRECT mask=508 facets=(0,2,3) basis=monomial result=PASS_EXACT_IDENTITY
SU2_K4_INTERMEDIATE_DIRECT mask=509 facets=(0,1,3) basis=monomial result=PASS_EXACT_IDENTITY
SU2_K4_INTERMEDIATE_DIRECT mask=510 facets=(0,1,2) basis=monomial result=PASS_EXACT_IDENTITY
SU2_K4_INTERMEDIATE_DIRECT mask=511 facets=(0,2,3) basis=monomial result=PASS_EXACT_IDENTITY
SU2_K4_INTERMEDIATE_DIRECT mask=512 facets=(0,1,2) basis=monomial result=PASS_EXACT_IDENTITY
SU2_K4_INTERMEDIATE_DIRECT mask=513 facets=(0,1,3) basis=monomial result=PASS_EXACT_IDENTITY
SU2_K4_INTERMEDIATE_DIRECT mask=514 facets=(0,1,2) basis=monomial result=PASS_EXACT_IDENTITY
SU2_K4_INTERMEDIATE_DIRECT mask=515 facets=(1,2,3) basis=monomial result=PASS_EXACT_IDENTITY
SU2_K4_INTERMEDIATE_DIRECT mask=516 facets=(0,1,3) basis=monomial result=PASS_EXACT_IDENTITY
SU2_K4_INTERMEDIATE_DIRECT mask=517 facets=(0,1,2) basis=monomial result=PASS_EXACT_IDENTITY
SU2_K4_INTERMEDIATE_DIRECT mask=518 facets=(0,1,2) basis=monomial result=PASS_EXACT_IDENTITY
SU2_K4_INTERMEDIATE_DIRECT mask=519 facets=(0,1,3) basis=monomial result=PASS_EXACT_IDENTITY
SU2_K4_INTERMEDIATE_DIRECT mask=520 facets=(0,2,3) basis=monomial result=PASS_EXACT_IDENTITY
SU2_K4_INTERMEDIATE_DIRECT mask=521 facets=(0,1,2) basis=monomial result=PASS_EXACT_IDENTITY
SU2_K4_INTERMEDIATE_DIRECT mask=522 facets=(0,1,2) basis=monomial result=PASS_EXACT_IDENTITY
SU2_K4_INTERMEDIATE_DIRECT mask=523 facets=(1,2,3) basis=monomial result=PASS_EXACT_IDENTITY
SU2_K4_INTERMEDIATE_DIRECT mask=524 facets=(0,1,3) basis=monomial result=PASS_EXACT_IDENTITY
SU2_T4_GROUP target=g0 progress=525/541 certified=525
SU2_K4_INTERMEDIATE_DIRECT mask=525 facets=(0,1,2) basis=monomial result=PASS_EXACT_IDENTITY
SU2_K4_INTERMEDIATE_DIRECT mask=526 facets=(0,1,2) basis=monomial result=PASS_EXACT_IDENTITY
SU2_K4_INTERMEDIATE_DIRECT mask=527 facets=(0,1,3) basis=monomial result=PASS_EXACT_IDENTITY
SU2_K4_INTERMEDIATE_DIRECT mask=528 facets=(0,1,2) basis=monomial result=PASS_EXACT_IDENTITY
SU2_K4_INTERMEDIATE_DIRECT mask=529 facets=(0,1,2) basis=monomial result=PASS_EXACT_IDENTITY
SU2_K4_INTERMEDIATE_DIRECT mask=530 facets=(0,1,2) basis=monomial result=PASS_EXACT_IDENTITY
SU2_K4_INTERMEDIATE_DIRECT mask=531 facets=(1,2,3) basis=monomial result=PASS_EXACT_IDENTITY
SU2_K4_INTERMEDIATE_DIRECT mask=532 facets=(0,1,3) basis=monomial result=PASS_EXACT_IDENTITY
SU2_K4_INTERMEDIATE_DIRECT mask=533 facets=(0,1,3) basis=monomial result=PASS_EXACT_IDENTITY
SU2_K4_INTERMEDIATE_DIRECT mask=534 facets=(0,1,3) basis=monomial result=PASS_EXACT_IDENTITY
SU2_K4_INTERMEDIATE_DIRECT mask=535 facets=(0,1,3) basis=monomial result=PASS_EXACT_IDENTITY
SU2_K4_INTERMEDIATE_DIRECT mask=536 facets=(0,1,2) basis=monomial result=PASS_EXACT_IDENTITY
SU2_K4_INTERMEDIATE_DIRECT mask=537 facets=(0,1,3) basis=monomial result=PASS_EXACT_IDENTITY
SU2_K4_INTERMEDIATE_DIRECT mask=538 facets=(0,1,2) basis=monomial result=PASS_EXACT_IDENTITY
SU2_K4_INTERMEDIATE_DIRECT mask=539 facets=(0,1,2) basis=monomial result=PASS_EXACT_IDENTITY
SU2_K4_INTERMEDIATE_DIRECT mask=540 facets=(0,1,2) basis=monomial result=PASS_EXACT_IDENTITY
SU2_T4_GROUP target=g0 attempted=541 certified=541 result=PASS_EXACT_CERTIFICATE
