STATUS
The compound-sign computation is exact.  The spectral computation uses
long-double arithmetic and is numerical route-selection evidence only.

COMMAND
character_ring_iter/analyze_su2_m2_compound_sign 24

OUTPUT
SU2_M2_COMPOUND_SIGN_CASE level=6 label=2 rank=4 pair_count=6 nonzero_entries=34 balanced=0 boundary_compatible=1 conflict=(1,3) bad_boundary_vertex=-1
SU2_M2_COMPOUND_SIGN maximum_level=24 cases=30 balanced=0 compatible=0 result=FAIL_SIGNING

INTERPRETATION
For M=N_q^2, the reachable second-compound component cannot be made
entrywise nonnegative by a diagonal sign change.  The first sign conflict
already occurs at (k,q)=(6,2).  Hence a signed-orthant proof of every
boundary minor K_s is unavailable.

COMPOUND_SOURCE_SHA256
a6dd5b8aec8163bf093e08ef342b750e0d8f9d43b6a09967c5569182279d023a

COMPOUND_EXECUTABLE_SHA256
0b7d4309fe97cd20c2eb277bf62422367fc6356e3d7f0bc36a8c1dac445517d2

COMMAND
character_ring_iter/analyze_su2_kernel_spectral_residues 40

OUTPUT
SU2_KERNEL_SPECTRAL_RESIDUES_CASE level=6 label=2 modes=4 groups=9 negative_groups=2 minimum=-0.17677669529663688114 witness_vertex=6 witness_base=0.17157287525380990245 negative_tails=0 minimum_tail=-2.710505431213761085e-20 tail_vertex=4 tail_base=0.17157287525380990245 negative_shifted_tails=0 minimum_shifted_tail=0 shifted_tail_vertex=0 shifted_tail_base=0 result=PASS_NUMERICAL_SHIFTED_TAILS
SU2_KERNEL_SPECTRAL_RESIDUES_CASE level=12 label=2 modes=7 groups=108 negative_groups=33 minimum=-0.13981336888422741967 witness_vertex=12 witness_base=0.30797852836990412975 negative_tails=31 minimum_tail=-0.15811141518660438637 tail_vertex=8 tail_base=0.64310413210779055583 negative_shifted_tails=9 minimum_shifted_tail=-0.3041074360694552712 shifted_tail_vertex=12 shifted_tail_base=5.0489173395223053134 result=FAIL_SHIFTED_TAIL_POSITIVITY
SU2_KERNEL_SPECTRAL_RESIDUES maximum_level=40 cases=90 failures=90 tail_failures=89 shifted_tail_failures=31 result=FAIL_SHIFTED_TAIL_POSITIVITY

INTERPRETATION
Grouped spectral residues already have negative values at (k,q)=(6,2).
Unweighted spectral tails and tails shifted by the proved K_2 seed also
become negative.  Therefore neither positive residues nor the tested Abel
tail criteria prove the boundary-minor hierarchy.  These signs are
floating-point diagnostics, not exact counterexample certificates.

SPECTRAL_SOURCE_SHA256
698a09044e5379ad37ebf3b9a67dade8b1e4d7b2b4dbca47c4cbe81fcbae0ee2

SPECTRAL_EXECUTABLE_SHA256
71cc54c1c24ba50344b5edf7740c48ba5a51030b5fa975a01673f8520b1e0375
